Archive member included to satisfy reference by file (symbol)

C:/ST/STM32CubeIDE_1.16.1/STM32CubeIDE/plugins/com.st.stm32cube.ide.mcu.externaltools.gnu-tools-for-stm32.12.3.rel1.win32_1.0.200.202406191623/tools/bin/../lib/gcc/arm-none-eabi/12.3.1/../../../../arm-none-eabi/lib/thumb/v7e-m+fp/hard\libc_nano.a(libc_a-exit.o)
                              C:/ST/STM32CubeIDE_1.16.1/STM32CubeIDE/plugins/com.st.stm32cube.ide.mcu.externaltools.gnu-tools-for-stm32.12.3.rel1.win32_1.0.200.202406191623/tools/bin/../lib/gcc/arm-none-eabi/12.3.1/../../../../arm-none-eabi/lib/thumb/v7e-m+fp/hard/crt0.o (exit)
C:/ST/STM32CubeIDE_1.16.1/STM32CubeIDE/plugins/com.st.stm32cube.ide.mcu.externaltools.gnu-tools-for-stm32.12.3.rel1.win32_1.0.200.202406191623/tools/bin/../lib/gcc/arm-none-eabi/12.3.1/../../../../arm-none-eabi/lib/thumb/v7e-m+fp/hard\libc_nano.a(libc_a-findfp.o)
                              C:/ST/STM32CubeIDE_1.16.1/STM32CubeIDE/plugins/com.st.stm32cube.ide.mcu.externaltools.gnu-tools-for-stm32.12.3.rel1.win32_1.0.200.202406191623/tools/bin/../lib/gcc/arm-none-eabi/12.3.1/../../../../arm-none-eabi/lib/thumb/v7e-m+fp/hard\libc_nano.a(libc_a-exit.o) (__stdio_exit_handler)
C:/ST/STM32CubeIDE_1.16.1/STM32CubeIDE/plugins/com.st.stm32cube.ide.mcu.externaltools.gnu-tools-for-stm32.12.3.rel1.win32_1.0.200.202406191623/tools/bin/../lib/gcc/arm-none-eabi/12.3.1/../../../../arm-none-eabi/lib/thumb/v7e-m+fp/hard\libc_nano.a(libc_a-fwalk.o)
                              C:/ST/STM32CubeIDE_1.16.1/STM32CubeIDE/plugins/com.st.stm32cube.ide.mcu.externaltools.gnu-tools-for-stm32.12.3.rel1.win32_1.0.200.202406191623/tools/bin/../lib/gcc/arm-none-eabi/12.3.1/../../../../arm-none-eabi/lib/thumb/v7e-m+fp/hard\libc_nano.a(libc_a-findfp.o) (_fwalk_sglue)
C:/ST/STM32CubeIDE_1.16.1/STM32CubeIDE/plugins/com.st.stm32cube.ide.mcu.externaltools.gnu-tools-for-stm32.12.3.rel1.win32_1.0.200.202406191623/tools/bin/../lib/gcc/arm-none-eabi/12.3.1/../../../../arm-none-eabi/lib/thumb/v7e-m+fp/hard\libc_nano.a(libc_a-stdio.o)
                              C:/ST/STM32CubeIDE_1.16.1/STM32CubeIDE/plugins/com.st.stm32cube.ide.mcu.externaltools.gnu-tools-for-stm32.12.3.rel1.win32_1.0.200.202406191623/tools/bin/../lib/gcc/arm-none-eabi/12.3.1/../../../../arm-none-eabi/lib/thumb/v7e-m+fp/hard\libc_nano.a(libc_a-findfp.o) (__sread)
C:/ST/STM32CubeIDE_1.16.1/STM32CubeIDE/plugins/com.st.stm32cube.ide.mcu.externaltools.gnu-tools-for-stm32.12.3.rel1.win32_1.0.200.202406191623/tools/bin/../lib/gcc/arm-none-eabi/12.3.1/../../../../arm-none-eabi/lib/thumb/v7e-m+fp/hard\libc_nano.a(libc_a-memset.o)
                              C:/ST/STM32CubeIDE_1.16.1/STM32CubeIDE/plugins/com.st.stm32cube.ide.mcu.externaltools.gnu-tools-for-stm32.12.3.rel1.win32_1.0.200.202406191623/tools/bin/../lib/gcc/arm-none-eabi/12.3.1/../../../../arm-none-eabi/lib/thumb/v7e-m+fp/hard/crt0.o (memset)
C:/ST/STM32CubeIDE_1.16.1/STM32CubeIDE/plugins/com.st.stm32cube.ide.mcu.externaltools.gnu-tools-for-stm32.12.3.rel1.win32_1.0.200.202406191623/tools/bin/../lib/gcc/arm-none-eabi/12.3.1/../../../../arm-none-eabi/lib/thumb/v7e-m+fp/hard\libc_nano.a(libc_a-closer.o)
                              C:/ST/STM32CubeIDE_1.16.1/STM32CubeIDE/plugins/com.st.stm32cube.ide.mcu.externaltools.gnu-tools-for-stm32.12.3.rel1.win32_1.0.200.202406191623/tools/bin/../lib/gcc/arm-none-eabi/12.3.1/../../../../arm-none-eabi/lib/thumb/v7e-m+fp/hard\libc_nano.a(libc_a-stdio.o) (_close_r)
C:/ST/STM32CubeIDE_1.16.1/STM32CubeIDE/plugins/com.st.stm32cube.ide.mcu.externaltools.gnu-tools-for-stm32.12.3.rel1.win32_1.0.200.202406191623/tools/bin/../lib/gcc/arm-none-eabi/12.3.1/../../../../arm-none-eabi/lib/thumb/v7e-m+fp/hard\libc_nano.a(libc_a-reent.o)
                              C:/ST/STM32CubeIDE_1.16.1/STM32CubeIDE/plugins/com.st.stm32cube.ide.mcu.externaltools.gnu-tools-for-stm32.12.3.rel1.win32_1.0.200.202406191623/tools/bin/../lib/gcc/arm-none-eabi/12.3.1/../../../../arm-none-eabi/lib/thumb/v7e-m+fp/hard\libc_nano.a(libc_a-closer.o) (errno)
C:/ST/STM32CubeIDE_1.16.1/STM32CubeIDE/plugins/com.st.stm32cube.ide.mcu.externaltools.gnu-tools-for-stm32.12.3.rel1.win32_1.0.200.202406191623/tools/bin/../lib/gcc/arm-none-eabi/12.3.1/../../../../arm-none-eabi/lib/thumb/v7e-m+fp/hard\libc_nano.a(libc_a-impure.o)
                              C:/ST/STM32CubeIDE_1.16.1/STM32CubeIDE/plugins/com.st.stm32cube.ide.mcu.externaltools.gnu-tools-for-stm32.12.3.rel1.win32_1.0.200.202406191623/tools/bin/../lib/gcc/arm-none-eabi/12.3.1/../../../../arm-none-eabi/lib/thumb/v7e-m+fp/hard\libc_nano.a(libc_a-reent.o) (_impure_ptr)
C:/ST/STM32CubeIDE_1.16.1/STM32CubeIDE/plugins/com.st.stm32cube.ide.mcu.externaltools.gnu-tools-for-stm32.12.3.rel1.win32_1.0.200.202406191623/tools/bin/../lib/gcc/arm-none-eabi/12.3.1/../../../../arm-none-eabi/lib/thumb/v7e-m+fp/hard\libc_nano.a(libc_a-lseekr.o)
[...]
Memory Configuration

Name             Origin             Length             Attributes
CCMRAM           0x10000000         0x00001000         xrw
RAM              0x20000000         0x00003000         xrw
FLASH            0x08000000         0x00010000         xr
*default*        0x00000000         0xffffffff

Linker script and memory map

LOAD C:/ST/STM32CubeIDE_1.16.1/STM32CubeIDE/plugins/com.st.stm32cube.ide.mcu.externaltools.gnu-tools-for-stm32.12.3.rel1.win32_1.0.200.202406191623/tools/bin/../lib/gcc/arm-none-eabi/12.3.1/thumb/v7e-m+fp/hard/crti.o
LOAD C:/ST/STM32CubeIDE_1.16.1/STM32CubeIDE/plugins/com.st.stm32cube.ide.mcu.externaltools.gnu-tools-for-stm32.12.3.rel1.win32_1.0.200.202406191623/tools/bin/../lib/gcc/arm-none-eabi/12.3.1/thumb/v7e-m+fp/hard/crtbegin.o
LOAD C:/ST/STM32CubeIDE_1.16.1/STM32CubeIDE/plugins/com.st.stm32cube.ide.mcu.externaltools.gnu-tools-for-stm32.12.3.rel1.win32_1.0.200.202406191623/tools/bin/../lib/gcc/arm-none-eabi/12.3.1/../../../../arm-none-eabi/lib/thumb/v7e-m+fp/hard/crt0.o
LOAD ./Core/Src/fonts.o
LOAD ./Core/Src/gpio.o
LOAD ./Core/Src/ili9163.o
LOAD ./Core/Src/main.o
LOAD ./Core/Src/spi.o
LOAD ./Core/Src/stm32f3xx_hal_msp.o
LOAD ./Core/Src/stm32f3xx_it.o
LOAD ./Core/Src/syscalls.o
LOAD ./Core/Src/sysmem.o
LOAD ./Core/Src/system_stm32f3xx.o
LOAD ./Core/Startup/startup_stm32f303k8tx.o
LOAD ./Drivers/STM32F3xx_HAL_Driver/Src/stm32f3xx_hal.o
LOAD ./Drivers/STM32F3xx_HAL_Driver/Src/stm32f3xx_hal_cortex.o
LOAD ./Drivers/STM32F3xx_HAL_Driver/Src/stm32f3xx_hal_dma.o
LOAD ./Drivers/STM32F3xx_HAL_Driver/Src/stm32f3xx_hal_exti.o
LOAD ./Drivers/STM32F3xx_HAL_Driver/Src/stm32f3xx_hal_flash.o
LOAD ./Drivers/STM32F3xx_HAL_Driver/Src/stm32f3xx_hal_flash_ex.o
LOAD ./Drivers/STM32F3xx_HAL_Driver/Src/stm32f3xx_hal_gpio.o
LOAD ./Drivers/STM32F3xx_HAL_Driver/Src/stm32f3xx_hal_i2c.o
LOAD ./Drivers/STM32F3xx_HAL_Driver/Src/stm32f3xx_hal_i2c_ex.o
LOAD ./Drivers/STM32F3xx_HAL_Driver/Src/stm32f3xx_hal_pwr.o
LOAD ./Drivers/STM32F3xx_HAL_Driver/Src/stm32f3xx_hal_pwr_ex.o
LOAD ./Drivers/STM32F3xx_HAL_Driver/Src/stm32f3xx_hal_rcc.o
LOAD ./Drivers/STM32F3xx_HAL_Driver/Src/stm32f3xx_hal_rcc_ex.o
LOAD ./Drivers/STM32F3xx_HAL_Driver/Src/stm32f3xx_hal_tim.o
LOAD ./Drivers/STM32F3xx_HAL_Driver/Src/stm32f3xx_hal_tim_ex.o
LOAD ./Drivers/STM32F3xx_HAL_Driver/Src/stm32f3xx_ll_dma.o
LOAD ./Drivers/STM32F3xx_HAL_Driver/Src/stm32f3xx_ll_exti.o
LOAD ./Drivers/STM32F3xx_HAL_Driver/Src/stm32f3xx_ll_gpio.o
LOAD ./Drivers/STM32F3xx_HAL_Driver/Src/stm32f3xx_ll_rcc.o
LOAD ./Drivers/STM32F3xx_HAL_Driver/Src/stm32f3xx_ll_spi.o
LOAD ./Drivers/STM32F3xx_HAL_Driver/Src/stm32f3xx_ll_utils.o
START GROUP
LOAD C:/ST/STM32CubeIDE_1.16.1/STM32CubeIDE/plugins/com.st.stm32cube.ide.mcu.externaltools.gnu-tools-for-stm32.12.3.rel1.win32_1.0.200.202406191623/tools/bin/../lib/gcc/arm-none-eabi/12.3.1/../../../../arm-none-eabi/lib/thumb/v7e-m+fp/hard\libc_nano.a
LOAD C:/ST/STM32CubeIDE_1.16.1/STM32CubeIDE/plugins/com.st.stm32cube.ide.mcu.externaltools.gnu-tools-for-stm32.12.3.rel1.win32_1.0.200.202406191623/tools/bin/../lib/gcc/arm-none-eabi/12.3.1/../../../../arm-none-eabi/lib/thumb/v7e-m+fp/hard\libm.a
END GROUP
START GROUP
LOAD C:/ST/STM32CubeIDE_1.16.1/STM32CubeIDE/plugins/com.st.stm32cube.ide.mcu.externaltools.gnu-tools-for-stm32.12.3.rel1.win32_1.0.200.202406191623/tools/bin/../lib/gcc/arm-none-eabi/12.3.1/thumb/v7e-m+fp/hard\libgcc.a
LOAD C:/ST/STM32CubeIDE_1.16.1/STM32CubeIDE/plugins/com.st.stm32cube.ide.mcu.externaltools.gnu-tools-for-stm32.12.3.rel1.win32_1.0.200.202406191623/tools/bin/../lib/gcc/arm-none-eabi/12.3.1/../../../../arm-none-eabi/lib/thumb/v7e-m+fp/hard\libc_nano.a
END GROUP
START GROUP
LOAD C:/ST/STM32CubeIDE_1.16.1/STM32CubeIDE/plugins/com.st.stm32cube.ide.mcu.externaltools.gnu-tools-for-stm32.12.3.rel1.win32_1.0.200.202406191623/tools/bin/../lib/gcc/arm-none-eabi/12.3.1/thumb/v7e-m+fp/hard\libgcc.a
LOAD C:/ST/STM32CubeIDE_1.16.1/STM32CubeIDE/plugins/com.st.stm32cube.ide.mcu.externaltools.gnu-tools-for-stm32.12.3.rel1.win32_1.0.200.202406191623/tools/bin/../lib/gcc/arm-none-eabi/12.3.1/../../../../arm-none-eabi/lib/thumb/v7e-m+fp/hard\libc_nano.a
LOAD C:/ST/STM32CubeIDE_1.16.1/STM32CubeIDE/plugins/com.st.stm32cube.ide.mcu.externaltools.gnu-tools-for-stm32.12.3.rel1.win32_1.0.200.202406191623/tools/bin/../lib/gcc/arm-none-eabi/12.3.1/../../../../arm-none-eabi/lib/thumb/v7e-m+fp/hard\libnosys.a
END GROUP
START GROUP
LOAD C:/ST/STM32CubeIDE_1.16.1/STM32CubeIDE/plugins/com.st.stm32cube.ide.mcu.externaltools.gnu-tools-for-stm32.12.3.rel1.win32_1.0.200.202406191623/tools/bin/../lib/gcc/arm-none-eabi/12.3.1/thumb/v7e-m+fp/hard\libgcc.a
LOAD C:/ST/STM32CubeIDE_1.16.1/STM32CubeIDE/plugins/com.st.stm32cube.ide.mcu.externaltools.gnu-tools-for-stm32.12.3.rel1.win32_1.0.200.202406191623/tools/bin/../lib/gcc/arm-none-eabi/12.3.1/../../../../arm-none-eabi/lib/thumb/v7e-m+fp/hard\libc_nano.a
LOAD C:/ST/STM32CubeIDE_1.16.1/STM32CubeIDE/plugins/com.st.stm32cube.ide.mcu.externaltools.gnu-tools-for-stm32.12.3.rel1.win32_1.0.200.202406191623/tools/bin/../lib/gcc/arm-none-eabi/12.3.1/../../../../arm-none-eabi/lib/thumb/v7e-m+fp/hard\libnosys.a
END GROUP
LOAD C:/ST/STM32CubeIDE_1.16.1/STM32CubeIDE/plugins/com.st.stm32cube.ide.mcu.externaltools.gnu-tools-for-stm32.12.3.rel1.win32_1.0.200.202406191623/tools/bin/../lib/gcc/arm-none-eabi/12.3.1/thumb/v7e-m+fp/hard/crtend.o
LOAD C:/ST/STM32CubeIDE_1.16.1/STM32CubeIDE/plugins/com.st.stm32cube.ide.mcu.externaltools.gnu-tools-for-stm32.12.3.rel1.win32_1.0.200.202406191623/tools/bin/../lib/gcc/arm-none-eabi/12.3.1/thumb/v7e-m+fp/hard/crtn.o
                0x20003000                        _estack = (ORIGIN (RAM) + LENGTH (RAM))
                0x00000200                        _Min_Heap_Size = 0x200
                0x00000400                        _Min_Stack_Size = 0x400

.isr_vector     0x08000000      0x188
                0x08000000                        . = ALIGN (0x4)
 *(.isr_vector)
 .isr_vector    0x08000000      0x188 ./Core/Startup/startup_stm32f303k8tx.o
                0x08000000                g_pfnVectors
                0x08000188                        . = ALIGN (0x4)

.text           0x08000188     0x1f18
                0x08000188                        . = ALIGN (0x4)
 *(.text)
 .text          0x08000188       0x40 C:/ST/STM32CubeIDE_1.16.1/STM32CubeIDE/plugins/com.st.stm32cube.ide.mcu.externaltools.gnu-tools-for-stm32.12.3.rel1.win32_1.0.200.202406191623/tools/bin/../lib/gcc/arm-none-eabi/12.3.1/thumb/v7e-m+fp/hard/crtbegin.o
 *(.text*)
 .text.LL_AHB1_GRP1_EnableClock
                0x080001c8       0x30 ./Core/Src/gpio.o
 .text.LL_GPIO_ResetOutputPin
                0x080001f8       0x1c ./Core/Src/gpio.o
 .text.MX_GPIO_Init
                0x08000214       0x84 ./Core/Src/gpio.o
                0x08000214                MX_GPIO_Init
 .text.lcdReset
                0x08000298       0x1c ./Core/Src/ili9163.o
                0x08000298                lcdReset
 .text.lcdWriteCommand
                0x080002b4       0x26 ./Core/Src/ili9163.o
                0x080002b4                lcdWriteCommand
 .text.lcdWriteParameter
                0x080002da       0x26 ./Core/Src/ili9163.o
                0x080002da                lcdWriteParameter
 .text.lcdWriteData
                0x08000300       0x34 ./Core/Src/ili9163.o
                0x08000300                lcdWriteData
 .text.lcdInitialise
                0x08000334      0x1b6 ./Core/Src/ili9163.o
                0x08000334                lcdInitialise
 .text.lcdPlot  0x080004ea       0x74 ./Core/Src/ili9163.o
                0x080004ea                lcdPlot
 .text.lcdLine  0x0800055e      0x158 ./Core/Src/ili9163.o
                0x0800055e                lcdLine
 .text.lcdDottedLine
                0x080006b6      0x1a0 ./Core/Src/ili9163.o
                0x080006b6                lcdDottedLine
 .text.lcdRectangle
                0x08000856       0x8e ./Core/Src/ili9163.o
                0x08000856                lcdRectangle
 .text.lcdDottedRectangle
                0x080008e4       0x9e ./Core/Src/ili9163.o
                0x080008e4                lcdDottedRectangle
 .text.lcdFilledRectangle
                0x08000982       0xb8 ./Core/Src/ili9163.o
                0x08000982                lcdFilledRectangle
 .text.lcdFilledDottedRectangle
                0x08000a3a       0x70 ./Core/Src/ili9163.o
                0x08000a3a                lcdFilledDottedRectangle
 .text.lcdPolygon
                0x08000aaa       0xae ./Core/Src/ili9163.o
                0x08000aaa                lcdPolygon
 .text.lcdDottedPolygon
                0x08000b58       0xbc ./Core/Src/ili9163.o
                0x08000b58                lcdDottedPolygon
 .text.lcdCircle
                0x08000c14      0x19a ./Core/Src/ili9163.o
                0x08000c14                lcdCircle
 .text.lcdDottedCircle
                0x08000dae      0x19a ./Core/Src/ili9163.o
                0x08000dae                lcdDottedCircle
 .text.decodeRgbValue
                0x08000f48       0x38 ./Core/Src/ili9163.o
                0x08000f48                decodeRgbValue
 .text.__NVIC_SetPriorityGrouping
                0x08000f80       0x48 ./Core/Src/main.o
 .text.LL_RCC_HSI_Enable
                0x08000fc8       0x20 ./Core/Src/main.o
 .text.LL_RCC_HSI_IsReady
                0x08000fe8       0x24 ./Core/Src/main.o
 .text.LL_RCC_HSI_SetCalibTrimming
                0x0800100c       0x2c ./Core/Src/main.o
 .text.LL_RCC_SetSysClkSource
                0x08001038       0x28 ./Core/Src/main.o
 .text.LL_RCC_GetSysClkSource
                0x08001060       0x1c ./Core/Src/main.o
 .text.LL_RCC_SetAHBPrescaler
                0x0800107c       0x28 ./Core/Src/main.o
 .text.LL_RCC_SetAPB1Prescaler
                0x080010a4       0x28 ./Core/Src/main.o
 .text.LL_RCC_SetAPB2Prescaler
                0x080010cc       0x28 ./Core/Src/main.o
 .text.LL_APB1_GRP1_EnableClock
                0x080010f4       0x30 ./Core/Src/main.o
 .text.LL_APB2_GRP1_EnableClock
                0x08001124       0x30 ./Core/Src/main.o
 .text.LL_FLASH_SetLatency
                0x08001154       0x28 ./Core/Src/main.o
 .text.LL_FLASH_GetLatency
                0x0800117c       0x1c ./Core/Src/main.o
 .text.LL_SYSTICK_SetClkSource
                0x08001198       0x38 ./Core/Src/main.o
 .text.main     0x080011d0      0x4cc ./Core/Src/main.o
                0x080011d0                main
 .text.SystemClock_Config
                0x0800169c       0x6c ./Core/Src/main.o
                0x0800169c                SystemClock_Config
 .text.Error_Handler
                0x08001708        0xe ./Core/Src/main.o
                0x08001708                Error_Handler
 *fill*         0x08001716        0x2 
 .text.LL_AHB1_GRP1_EnableClock
                0x08001718       0x30 ./Core/Src/spi.o
 .text.LL_APB2_GRP1_EnableClock
                0x08001748       0x30 ./Core/Src/spi.o
 .text.LL_SPI_Enable
                0x08001778       0x20 ./Core/Src/spi.o
 .text.LL_SPI_SetStandard
                0x08001798       0x26 ./Core/Src/spi.o
 .text.LL_SPI_EnableNSSPulseMgt
                0x080017be       0x20 ./Core/Src/spi.o
 .text.LL_SPI_DisableNSSPulseMgt
                0x080017de       0x20 ./Core/Src/spi.o
 .text.LL_SPI_IsActiveFlag_RXNE
                0x080017fe       0x26 ./Core/Src/spi.o
 .text.LL_SPI_IsActiveFlag_TXE
                0x08001824       0x26 ./Core/Src/spi.o
 .text.LL_SPI_ReceiveData8
                0x0800184a       0x1c ./Core/Src/spi.o
 .text.LL_SPI_TransmitData8
                0x08001866       0x24 ./Core/Src/spi.o
 .text.LL_GPIO_SetOutputPin
                0x0800188a       0x1c ./Core/Src/spi.o
 .text.LL_GPIO_ResetOutputPin
                0x080018a6       0x1c ./Core/Src/spi.o
 *fill*         0x080018c2        0x2 
 .text.MX_SPI1_Init
                0x080018c4       0xc4 ./Core/Src/spi.o
                0x080018c4                MX_SPI1_Init
 .text.readWriteSPI1
                0x08001988       0x48 ./Core/Src/spi.o
                0x08001988                readWriteSPI1
 .text.initCS_Pin
                0x080019d0        0xc ./Core/Src/spi.o
                0x080019d0                initCS_Pin
 .text.cs_set   0x080019dc       0x14 ./Core/Src/spi.o
                0x080019dc                cs_set
 .text.cs_reset
                0x080019f0       0x14 ./Core/Src/spi.o
                0x080019f0                cs_reset
 .text.initCD_Pin
                0x08001a04        0xe ./Core/Src/spi.o
                0x08001a04                initCD_Pin
 *fill*         0x08001a12        0x2 
 .text.cd_set   0x08001a14       0x14 ./Core/Src/spi.o
                0x08001a14                cd_set
 .text.cd_reset
                0x08001a28       0x14 ./Core/Src/spi.o
                0x08001a28                cd_reset
 .text.initRES_Pin
                0x08001a3c        0xe ./Core/Src/spi.o
                0x08001a3c                initRES_Pin
 .text.res_set  0x08001a4a       0x12 ./Core/Src/spi.o
                0x08001a4a                res_set
 .text.res_reset
                0x08001a5c       0x12 ./Core/Src/spi.o
                0x08001a5c                res_reset
 .text.NMI_Handler
                0x08001a6e        0x8 ./Core/Src/stm32f3xx_it.o
                0x08001a6e                NMI_Handler
 .text.HardFault_Handler
                0x08001a76        0x8 ./Core/Src/stm32f3xx_it.o
                0x08001a76                HardFault_Handler
 .text.MemManage_Handler
                0x08001a7e        0x8 ./Core/Src/stm32f3xx_it.o
                0x08001a7e                MemManage_Handler
 .text.BusFault_Handler
                0x08001a86        0x8 ./Core/Src/stm32f3xx_it.o
                0x08001a86                BusFault_Handler
 .text.UsageFault_Handler
                0x08001a8e        0x8 ./Core/Src/stm32f3xx_it.o
                0x08001a8e                UsageFault_Handler
 .text.SVC_Handler
                0x08001a96        0xe ./Core/Src/stm32f3xx_it.o
                0x08001a96                SVC_Handler
 .text.DebugMon_Handler
                0x08001aa4        0xe ./Core/Src/stm32f3xx_it.o
                0x08001aa4                DebugMon_Handler
 .text.PendSV_Handler
                0x08001ab2        0xe ./Core/Src/stm32f3xx_it.o
                0x08001ab2                PendSV_Handler
 .text.SysTick_Handler
                0x08001ac0        0xc ./Core/Src/stm32f3xx_it.o
                0x08001ac0                SysTick_Handler
 .text.SystemInit
                0x08001acc       0x24 ./Core/Src/system_stm32f3xx.o
                0x08001acc                SystemInit
 .text.Reset_Handler
                0x08001af0       0x50 ./Core/Startup/startup_stm32f303k8tx.o
                0x08001af0                Reset_Handler
 .text.Default_Handler
                0x08001b40        0x2 ./Core/Startup/startup_stm32f303k8tx.o
                0x08001b40                RTC_Alarm_IRQHandler
                0x08001b40                TIM1_CC_IRQHandler
                0x08001b40                PVD_IRQHandler
                0x08001b40                TAMP_STAMP_IRQHandler
                0x08001b40                EXTI3_IRQHandler
                0x08001b40                EXTI0_IRQHandler
                0x08001b40                FPU_IRQHandler
                0x08001b40                CAN_TX_IRQHandler
                0x08001b40                TIM1_UP_TIM16_IRQHandler
                0x08001b40                ADC1_2_IRQHandler
                0x08001b40                SPI1_IRQHandler
                0x08001b40                CAN_SCE_IRQHandler
                0x08001b40                DMA1_Channel4_IRQHandler
                0x08001b40                USART3_IRQHandler
                0x08001b40                DMA1_Channel7_IRQHandler
                0x08001b40                TIM7_DAC2_IRQHandler
                0x08001b40                CAN_RX1_IRQHandler
                0x08001b40                I2C1_EV_IRQHandler
                0x08001b40                DMA1_Channel6_IRQHandler
                0x08001b40                TIM3_IRQHandler
                0x08001b40                RCC_IRQHandler
                0x08001b40                DMA1_Channel1_IRQHandler
                0x08001b40                Default_Handler
                0x08001b40                EXTI15_10_IRQHandler
                0x08001b40                COMP2_IRQHandler
                0x08001b40                TIM6_DAC1_IRQHandler
                0x08001b40                EXTI9_5_IRQHandler
                0x08001b40                RTC_WKUP_IRQHandler
                0x08001b40                DMA1_Channel5_IRQHandler
                0x08001b40                EXTI4_IRQHandler
                0x08001b40                TIM1_TRG_COM_TIM17_IRQHandler
                0x08001b40                DMA1_Channel3_IRQHandler
                0x08001b40                WWDG_IRQHandler
                0x08001b40                TIM2_IRQHandler
                0x08001b40                EXTI1_IRQHandler
                0x08001b40                COMP4_6_IRQHandler
                0x08001b40                USART2_IRQHandler
                0x08001b40                DMA1_Channel2_IRQHandler
                0x08001b40                FLASH_IRQHandler
                0x08001b40                USART1_IRQHandler
                0x08001b40                CAN_RX0_IRQHandler
                0x08001b40                I2C1_ER_IRQHandler
                0x08001b40                EXTI2_TSC_IRQHandler
                0x08001b40                TIM1_BRK_TIM15_IRQHandler
 *fill*         0x08001b42        0x2 
 .text.HAL_IncTick
                0x08001b44       0x28 ./Drivers/STM32F3xx_HAL_Driver/Src/stm32f3xx_hal.o
                0x08001b44                HAL_IncTick
 .text.LL_GPIO_SetPinMode
                0x08001b6c       0x5e ./Drivers/STM32F3xx_HAL_Driver/Src/stm32f3xx_ll_gpio.o
 .text.LL_GPIO_SetPinOutputType
                0x08001bca       0x30 ./Drivers/STM32F3xx_HAL_Driver/Src/stm32f3xx_ll_gpio.o
 .text.LL_GPIO_SetPinSpeed
                0x08001bfa       0x5e ./Drivers/STM32F3xx_HAL_Driver/Src/stm32f3xx_ll_gpio.o
 .text.LL_GPIO_SetPinPull
                0x08001c58       0x5e ./Drivers/STM32F3xx_HAL_Driver/Src/stm32f3xx_ll_gpio.o
 .text.LL_GPIO_SetAFPin_0_7
                0x08001cb6       0x5e ./Drivers/STM32F3xx_HAL_Driver/Src/stm32f3xx_ll_gpio.o
 .text.LL_GPIO_SetAFPin_8_15
                0x08001d14       0x62 ./Drivers/STM32F3xx_HAL_Driver/Src/stm32f3xx_ll_gpio.o
 .text.LL_GPIO_Init
                0x08001d76       0xe0 ./Drivers/STM32F3xx_HAL_Driver/Src/stm32f3xx_ll_gpio.o
                0x08001d76                LL_GPIO_Init
 .text.LL_SPI_IsEnabled
                0x08001e56       0x26 ./Drivers/STM32F3xx_HAL_Driver/Src/stm32f3xx_ll_spi.o
 .text.LL_SPI_SetRxFIFOThreshold
                0x08001e7c       0x26 ./Drivers/STM32F3xx_HAL_Driver/Src/stm32f3xx_ll_spi.o
 .text.LL_SPI_SetCRCPolynomial
                0x08001ea2       0x20 ./Drivers/STM32F3xx_HAL_Driver/Src/stm32f3xx_ll_spi.o
 .text.LL_SPI_Init
                0x08001ec2       0xb0 ./Drivers/STM32F3xx_HAL_Driver/Src/stm32f3xx_ll_spi.o
                0x08001ec2                LL_SPI_Init
 *fill*         0x08001f72        0x2 
 .text.LL_InitTick
                0x08001f74       0x34 ./Drivers/STM32F3xx_HAL_Driver/Src/stm32f3xx_ll_utils.o
 .text.LL_Init1msTick
                0x08001fa8       0x1a ./Drivers/STM32F3xx_HAL_Driver/Src/stm32f3xx_ll_utils.o
                0x08001fa8                LL_Init1msTick
 *fill*         0x08001fc2        0x2 
 .text.LL_mDelay
                0x08001fc4       0x4c ./Drivers/STM32F3xx_HAL_Driver/Src/stm32f3xx_ll_utils.o
                0x08001fc4                LL_mDelay
 .text.LL_SetSystemCoreClock
                0x08002010       0x20 ./Drivers/STM32F3xx_HAL_Driver/Src/stm32f3xx_ll_utils.o
                0x08002010                LL_SetSystemCoreClock
 .text.memset   0x08002030       0x10 C:/ST/STM32CubeIDE_1.16.1/STM32CubeIDE/plugins/com.st.stm32cube.ide.mcu.externaltools.gnu-tools-for-stm32.12.3.rel1.win32_1.0.200.202406191623/tools/bin/../lib/gcc/arm-none-eabi/12.3.1/../../../../arm-none-eabi/lib/thumb/v7e-m+fp/hard\libc_nano.a(libc_a-memset.o)
                0x08002030                memset
 .text.__libc_init_array
                0x08002040       0x48 C:/ST/STM32CubeIDE_1.16.1/STM32CubeIDE/plugins/com.st.stm32cube.ide.mcu.externaltools.gnu-tools-for-stm32.12.3.rel1.win32_1.0.200.202406191623/tools/bin/../lib/gcc/arm-none-eabi/12.3.1/../../../../arm-none-eabi/lib/thumb/v7e-m+fp/hard\libc_nano.a(libc_a-init.o)
                0x08002040                __libc_init_array
 *(.glue_7)
 .glue_7        0x08002088        0x0 linker stubs
 *(.glue_7t)
 .glue_7t       0x08002088        0x0 linker stubs
 *(.eh_frame)
 .eh_frame      0x08002088        0x0 C:/ST/STM32CubeIDE_1.16.1/STM32CubeIDE/plugins/com.st.stm32cube.ide.mcu.externaltools.gnu-tools-for-stm32.12.3.rel1.win32_1.0.200.202406191623/tools/bin/../lib/gcc/arm-none-eabi/12.3.1/thumb/v7e-m+fp/hard/crtbegin.o
 *(.init)
 .init          0x08002088        0x4 C:/ST/STM32CubeIDE_1.16.1/STM32CubeIDE/plugins/com.st.stm32cube.ide.mcu.externaltools.gnu-tools-for-stm32.12.3.rel1.win32_1.0.200.202406191623/tools/bin/../lib/gcc/arm-none-eabi/12.3.1/thumb/v7e-m+fp/hard/crti.o
                0x08002088                _init
 .init          0x0800208c        0x8 C:/ST/STM32CubeIDE_1.16.1/STM32CubeIDE/plugins/com.st.stm32cube.ide.mcu.externaltools.gnu-tools-for-stm32.12.3.rel1.win32_1.0.200.202406191623/tools/bin/../lib/gcc/arm-none-eabi/12.3.1/thumb/v7e-m+fp/hard/crtn.o
 *(.fini)
 .fini          0x08002094        0x4 C:/ST/STM32CubeIDE_1.16.1/STM32CubeIDE/plugins/com.st.stm32cube.ide.mcu.externaltools.gnu-tools-for-stm32.12.3.rel1.win32_1.0.200.202406191623/tools/bin/../lib/gcc/arm-none-eabi/12.3.1/thumb/v7e-m+fp/hard/crti.o
                0x08002094                _fini
 .fini          0x08002098        0x8 C:/ST/STM32CubeIDE_1.16.1/STM32CubeIDE/plugins/com.st.stm32cube.ide.mcu.externaltools.gnu-tools-for-stm32.12.3.rel1.win32_1.0.200.202406191623/tools/bin/../lib/gcc/arm-none-eabi/12.3.1/thumb/v7e-m+fp/hard/crtn.o
                0x080020a0                        . = ALIGN (0x4)
                0x080020a0                        _etext = .

.vfp11_veneer   0x080020a0        0x0
 .vfp11_veneer  0x080020a0        0x0 linker stubs

.v4_bx          0x080020a0        0x0
 .v4_bx         0x080020a0        0x0 linker stubs

.iplt           0x080020a0        0x0
 .iplt          0x080020a0        0x0 C:/ST/STM32CubeIDE_1.16.1/STM32CubeIDE/plugins/com.st.stm32cube.ide.mcu.externaltools.gnu-tools-for-stm32.12.3.rel1.win32_1.0.200.202406191623/tools/bin/../lib/gcc/arm-none-eabi/12.3.1/thumb/v7e-m+fp/hard/crtbegin.o

.rodata         0x080020a0       0x14
                0x080020a0                        . = ALIGN (0x4)
 *(.rodata)
 .rodata        0x080020a0       0x14 ./Core/Src/main.o
 *(.rodata*)
                0x080020b4                        . = ALIGN (0x4)

.ARM.extab      0x080020b4        0x0
                0x080020b4                        . = ALIGN (0x4)
 *(.ARM.extab* .gnu.linkonce.armextab.*)
                0x080020b4                        . = ALIGN (0x4)

.ARM            0x080020b4        0x0
                0x080020b4                        . = ALIGN (0x4)
                0x080020b4                        __exidx_start = .
 *(.ARM.exidx*)
                0x080020b4                        __exidx_end = .
                0x080020b4                        . = ALIGN (0x4)

.preinit_array  0x080020b4        0x0
                0x080020b4                        . = ALIGN (0x4)
                0x080020b4                        PROVIDE (__preinit_array_start = .)
 *(.preinit_array*)
                0x080020b4                        PROVIDE (__preinit_array_end = .)
                0x080020b4                        . = ALIGN (0x4)

.init_array     0x080020b4        0x4
                0x080020b4                        . = ALIGN (0x4)
                0x080020b4                        PROVIDE (__init_array_start = .)
 *(SORT_BY_NAME(.init_array.*))
 *(.init_array*)
 .init_array    0x080020b4        0x4 C:/ST/STM32CubeIDE_1.16.1/STM32CubeIDE/plugins/com.st.stm32cube.ide.mcu.externaltools.gnu-tools-for-stm32.12.3.rel1.win32_1.0.200.202406191623/tools/bin/../lib/gcc/arm-none-eabi/12.3.1/thumb/v7e-m+fp/hard/crtbegin.o
                0x080020b8                        PROVIDE (__init_array_end = .)
                0x080020b8                        . = ALIGN (0x4)

.fini_array     0x080020b8        0x4
                0x080020b8                        . = ALIGN (0x4)
                [!provide]                        PROVIDE (__fini_array_start = .)
 *(SORT_BY_NAME(.fini_array.*))
 *(.fini_array*)
 .fini_array    0x080020b8        0x4 C:/ST/STM32CubeIDE_1.16.1/STM32CubeIDE/plugins/com.st.stm32cube.ide.mcu.externaltools.gnu-tools-for-stm32.12.3.rel1.win32_1.0.200.202406191623/tools/bin/../lib/gcc/arm-none-eabi/12.3.1/thumb/v7e-m+fp/hard/crtbegin.o
                [!provide]                        PROVIDE (__fini_array_end = .)
                0x080020bc                        . = ALIGN (0x4)
                0x080020bc                        _sidata = LOADADDR (.data)

.rel.dyn        0x080020bc        0x0
 .rel.iplt      0x080020bc        0x0 C:/ST/STM32CubeIDE_1.16.1/STM32CubeIDE/plugins/com.st.stm32cube.ide.mcu.externaltools.gnu-tools-for-stm32.12.3.rel1.win32_1.0.200.202406191623/tools/bin/../lib/gcc/arm-none-eabi/12.3.1/thumb/v7e-m+fp/hard/crtbegin.o

.data           0x20000000        0x8 load address 0x080020bc
                0x20000000                        . = ALIGN (0x4)
                0x20000000                        _sdata = .
 *(.data)
 *(.data*)
 .data.SystemCoreClock
                0x20000000        0x4 ./Core/Src/system_stm32f3xx.o
                0x20000000                SystemCoreClock
 .data.uwTickFreq
                0x20000004        0x1 ./Drivers/STM32F3xx_HAL_Driver/Src/stm32f3xx_hal.o
                0x20000004                uwTickFreq
 *(.RamFunc)
 *(.RamFunc*)
                0x20000008                        . = ALIGN (0x4)
 *fill*         0x20000005        0x3 
                0x20000008                        _edata = .
                0x080020c4                        _siccmram = LOADADDR (.ccmram)

.igot.plt       0x20000008        0x0 load address 0x080020c4
 .igot.plt      0x20000008        0x0 C:/ST/STM32CubeIDE_1.16.1/STM32CubeIDE/plugins/com.st.stm32cube.ide.mcu.externaltools.gnu-tools-for-stm32.12.3.rel1.win32_1.0.200.202406191623/tools/bin/../lib/gcc/arm-none-eabi/12.3.1/thumb/v7e-m+fp/hard/crtbegin.o

.ccmram         0x10000000        0x0 load address 0x080020c4
                0x10000000                        . = ALIGN (0x4)
                0x10000000                        _sccmram = .
 *(.ccmram)
 *(.ccmram*)
                0x10000000                        . = ALIGN (0x4)
                0x10000000                        _eccmram = .
                0x10000000                        . = ALIGN (0x4)

.bss            0x20000008       0x20
                0x20000008                        _sbss = .
                0x20000008                        __bss_start__ = _sbss
 *(.bss)
 .bss           0x20000008       0x1c C:/ST/STM32CubeIDE_1.16.1/STM32CubeIDE/plugins/com.st.stm32cube.ide.mcu.externaltools.gnu-tools-for-stm32.12.3.rel1.win32_1.0.200.202406191623/tools/bin/../lib/gcc/arm-none-eabi/12.3.1/thumb/v7e-m+fp/hard/crtbegin.o
 *(.bss*)
 .bss.uwTick    0x20000024        0x4 ./Drivers/STM32F3xx_HAL_Driver/Src/stm32f3xx_hal.o
                0x20000024                uwTick
 *(COMMON)
                0x20000028                        . = ALIGN (0x4)
                0x20000028                        _ebss = .
                0x20000028                        __bss_end__ = _ebss

._user_heap_stack
                0x20000028      0x600
                0x20000028                        . = ALIGN (0x8)
                [!provide]                        PROVIDE (end = .)
                0x20000028                        PROVIDE (_end = .)
                0x20000228                        . = (. + _Min_Heap_Size)
 *fill*         0x20000028      0x200 
                0x20000628                        . = (. + _Min_Stack_Size)
 *fill*         0x20000228      0x400 
                0x20000628                        . = ALIGN (0x8)

/DISCARD/
 libc.a(*)
 libm.a(*)
 libgcc.a(*)

.ARM.attributes
                0x00000000       0x30
 *(.ARM.attributes)
 .ARM.attributes
                0x00000000       0x22 C:/ST/STM32CubeIDE_1.16.1/STM32CubeIDE/plugins/com.st.stm32cube.ide.mcu.externaltools.gnu-tools-for-stm32.12.3.rel1.win32_1.0.200.202406191623/tools/bin/../lib/gcc/arm-none-eabi/12.3.1/thumb/v7e-m+fp/hard/crti.o
 .ARM.attributes
                0x00000022       0x34 C:/ST/STM32CubeIDE_1.16.1/STM32CubeIDE/plugins/com.st.stm32cube.ide.mcu.externaltools.gnu-tools-for-stm32.12.3.rel1.win32_1.0.200.202406191623/tools/bin/../lib/gcc/arm-none-eabi/12.3.1/thumb/v7e-m+fp/hard/crtbegin.o
 .ARM.attributes
                0x00000056       0x34 ./Core/Src/gpio.o
 .ARM.attributes
                0x0000008a       0x34 ./Core/Src/ili9163.o
 .ARM.attributes
                0x000000be       0x34 ./Core/Src/main.o
 .ARM.attributes
                0x000000f2       0x34 ./Core/Src/spi.o
 .ARM.attributes
                0x00000126       0x34 ./Core/Src/stm32f3xx_it.o
 .ARM.attributes
                0x0000015a       0x34 ./Core/Src/system_stm32f3xx.o
 .ARM.attributes
                0x0000018e       0x21 ./Core/Startup/startup_stm32f303k8tx.o
 .ARM.attributes
                0x000001af       0x34 ./Drivers/STM32F3xx_HAL_Driver/Src/stm32f3xx_hal.o
 .ARM.attributes
                0x000001e3       0x34 ./Drivers/STM32F3xx_HAL_Driver/Src/stm32f3xx_ll_gpio.o
 .ARM.attributes
                0x00000217       0x34 ./Drivers/STM32F3xx_HAL_Driver/Src/stm32f3xx_ll_spi.o
 .ARM.attributes
                0x0000024b       0x34 ./Drivers/STM32F3xx_HAL_Driver/Src/stm32f3xx_ll_utils.o
 .ARM.attributes
                0x0000027f       0x34 C:/ST/STM32CubeIDE_1.16.1/STM32CubeIDE/plugins/com.st.stm32cube.ide.mcu.externaltools.gnu-tools-for-stm32.12.3.rel1.win32_1.0.200.202406191623/tools/bin/../lib/gcc/arm-none-eabi/12.3.1/../../../../arm-none-eabi/lib/thumb/v7e-m+fp/hard\libc_nano.a(libc_a-memset.o)
 .ARM.attributes
                0x000002b3       0x34 C:/ST/STM32CubeIDE_1.16.1/STM32CubeIDE/plugins/com.st.stm32cube.ide.mcu.externaltools.gnu-tools-for-stm32.12.3.rel1.win32_1.0.200.202406191623/tools/bin/../lib/gcc/arm-none-eabi/12.3.1/../../../../arm-none-eabi/lib/thumb/v7e-m+fp/hard\libc_nano.a(libc_a-init.o)
 .ARM.attributes
                0x000002e7       0x22 C:/ST/STM32CubeIDE_1.16.1/STM32CubeIDE/plugins/com.st.stm32cube.ide.mcu.externaltools.gnu-tools-for-stm32.12.3.rel1.win32_1.0.200.202406191623/tools/bin/../lib/gcc/arm-none-eabi/12.3.1/thumb/v7e-m+fp/hard/crtn.o
OUTPUT(DOOM.elf elf32-littlearm)
LOAD linker stubs
LOAD C:/ST/STM32CubeIDE_1.16.1/STM32CubeIDE/plugins/com.st.stm32cube.ide.mcu.externaltools.gnu-tools-for-stm32.12.3.rel1.win32_1.0.200.202406191623/tools/bin/../lib/gcc/arm-none-eabi/12.3.1/../../../../arm-none-eabi/lib/thumb/v7e-m+fp/hard\libc.a
LOAD C:/ST/STM32CubeIDE_1.16.1/STM32CubeIDE/plugins/com.st.stm32cube.ide.mcu.externaltools.gnu-tools-for-stm32.12.3.rel1.win32_1.0.200.202406191623/tools/bin/../lib/gcc/arm-none-eabi/12.3.1/../../../../arm-none-eabi/lib/thumb/v7e-m+fp/hard\libm.a
LOAD C:/ST/STM32CubeIDE_1.16.1/STM32CubeIDE/plugins/com.st.stm32cube.ide.mcu.externaltools.gnu-tools-for-stm32.12.3.rel1.win32_1.0.200.202406191623/tools/bin/../lib/gcc/arm-none-eabi/12.3.1/thumb/v7e-m+fp/hard\libgcc.a

.debug_info     0x00000000     0x3df3
 .debug_info    0x00000000      0x364 ./Core/Src/gpio.o
 .debug_info    0x00000364      0xa3d ./Core/Src/ili9163.o
 .debug_info    0x00000da1      0x934 ./Core/Src/main.o
 .debug_info    0x000016d5      0x753 ./Core/Src/spi.o
 .debug_info    0x00001e28      0x157 ./Core/Src/stm32f3xx_it.o
 .debug_info    0x00001f7f      0x407 ./Core/Src/system_stm32f3xx.o
 .debug_info    0x00002386       0x30 ./Core/Startup/startup_stm32f303k8tx.o
 .debug_info    0x000023b6      0x74a ./Drivers/STM32F3xx_HAL_Driver/Src/stm32f3xx_hal.o
 .debug_info    0x00002b00      0x6ee ./Drivers/STM32F3xx_HAL_Driver/Src/stm32f3xx_ll_gpio.o
 .debug_info    0x000031ee      0x3fb ./Drivers/STM32F3xx_HAL_Driver/Src/stm32f3xx_ll_spi.o
 .debug_info    0x000035e9      0x80a ./Drivers/STM32F3xx_HAL_Driver/Src/stm32f3xx_ll_utils.o

.debug_abbrev   0x00000000     0x121d
 .debug_abbrev  0x00000000      0x197 ./Core/Src/gpio.o
 .debug_abbrev  0x00000197      0x1ce ./Core/Src/ili9163.o
 .debug_abbrev  0x00000365      0x234 ./Core/Src/main.o
 .debug_abbrev  0x00000599      0x228 ./Core/Src/spi.o
 .debug_abbrev  0x000007c1       0xac ./Core/Src/stm32f3xx_it.o
 .debug_abbrev  0x0000086d      0x11a ./Core/Src/system_stm32f3xx.o
 .debug_abbrev  0x00000987       0x24 ./Core/Startup/startup_stm32f303k8tx.o
 .debug_abbrev  0x000009ab      0x215 ./Drivers/STM32F3xx_HAL_Driver/Src/stm32f3xx_hal.o
 .debug_abbrev  0x00000bc0      0x21e ./Drivers/STM32F3xx_HAL_Driver/Src/stm32f3xx_ll_gpio.o
 .debug_abbrev  0x00000dde      0x186 ./Drivers/STM32F3xx_HAL_Driver/Src/stm32f3xx_ll_spi.o
 .debug_abbrev  0x00000f64      0x2b9 ./Drivers/STM32F3xx_HAL_Driver/Src/stm32f3xx_ll_utils.o

.debug_aranges  0x00000000      0x5b0
 .debug_aranges
                0x00000000       0x30 ./Core/Src/gpio.o
 .debug_aranges
                0x00000030       0xc8 ./Core/Src/ili9163.o
 .debug_aranges
                0x000000f8       0xa0 ./Core/Src/main.o
 .debug_aranges
                0x00000198       0xd0 ./Core/Src/spi.o
 .debug_aranges
                0x00000268       0x60 ./Core/Src/stm32f3xx_it.o
 .debug_aranges
                0x000002c8       0x28 ./Core/Src/system_stm32f3xx.o
 .debug_aranges
                0x000002f0       0x28 ./Core/Startup/startup_stm32f303k8tx.o
 .debug_aranges
                0x00000318       0xe0 ./Drivers/STM32F3xx_HAL_Driver/Src/stm32f3xx_hal.o
 .debug_aranges
                0x000003f8       0x70 ./Drivers/STM32F3xx_HAL_Driver/Src/stm32f3xx_ll_gpio.o
 .debug_aranges
                0x00000468       0x58 ./Drivers/STM32F3xx_HAL_Driver/Src/stm32f3xx_ll_spi.o
 .debug_aranges
                0x000004c0       0xf0 ./Drivers/STM32F3xx_HAL_Driver/Src/stm32f3xx_ll_utils.o

.debug_rnglists
                0x00000000      0x421
 .debug_rnglists
                0x00000000       0x20 ./Core/Src/gpio.o
 .debug_rnglists
                0x00000020       0x9c ./Core/Src/ili9163.o
 .debug_rnglists
                0x000000bc       0x74 ./Core/Src/main.o
 .debug_rnglists
                0x00000130       0x98 ./Core/Src/spi.o
 .debug_rnglists
                0x000001c8       0x43 ./Core/Src/stm32f3xx_it.o
 .debug_rnglists
                0x0000020b       0x1a ./Core/Src/system_stm32f3xx.o
 .debug_rnglists
                0x00000225       0x19 ./Core/Startup/startup_stm32f303k8tx.o
 .debug_rnglists
                0x0000023e       0xa3 ./Drivers/STM32F3xx_HAL_Driver/Src/stm32f3xx_hal.o
 .debug_rnglists
                0x000002e1       0x51 ./Drivers/STM32F3xx_HAL_Driver/Src/stm32f3xx_ll_gpio.o
 .debug_rnglists
                0x00000332       0x3e ./Drivers/STM32F3xx_HAL_Driver/Src/stm32f3xx_ll_spi.o
 .debug_rnglists
                0x00000370       0xb1 ./Drivers/STM32F3xx_HAL_Driver/Src/stm32f3xx_ll_utils.o

.debug_macro    0x00000000    0x1af14
 .debug_macro   0x00000000      0x211 ./Core/Src/gpio.o
 .debug_macro   0x00000211       0x2e ./Core/Src/gpio.o
 .debug_macro   0x0000023f       0x28 ./Core/Src/gpio.o
 .debug_macro   0x00000267       0x1c ./Core/Src/gpio.o
 .debug_macro   0x00000283       0x22 ./Core/Src/gpio.o
 .debug_macro   0x000002a5       0xd9 ./Core/Src/gpio.o
 .debug_macro   0x0000037e      0xf07 ./Core/Src/gpio.o
 .debug_macro   0x00001285    0x10be0 ./Core/Src/gpio.o
 .debug_macro   0x00011e65       0x6d ./Core/Src/gpio.o
 .debug_macro   0x00011ed2      0x14b ./Core/Src/gpio.o
 .debug_macro   0x0001201d     0x3574 ./Core/Src/gpio.o
 .debug_macro   0x00015591      0x189 ./Core/Src/gpio.o
 .debug_macro   0x0001571a       0x55 ./Core/Src/gpio.o
 .debug_macro   0x0001576f      0x8f8 ./Core/Src/gpio.o
 .debug_macro   0x00016067      0x304 ./Core/Src/gpio.o
 .debug_macro   0x0001636b      0x1b5 ./Core/Src/gpio.o
 .debug_macro   0x00016520      0x11b ./Core/Src/gpio.o
 .debug_macro   0x0001663b      0x1d5 ./Core/Src/gpio.o
 .debug_macro   0x00016810      0x1bc ./Core/Src/gpio.o
 .debug_macro   0x000169cc       0x34 ./Core/Src/gpio.o
 .debug_macro   0x00016a00       0x3c ./Core/Src/gpio.o
 .debug_macro   0x00016a3c       0x57 ./Core/Src/gpio.o
 .debug_macro   0x00016a93       0xc5 ./Core/Src/gpio.o
 .debug_macro   0x00016b58      0x19f ./Core/Src/gpio.o
 .debug_macro   0x00016cf7      0x22c ./Core/Src/gpio.o
 .debug_macro   0x00016f23       0x5b ./Core/Src/gpio.o
 .debug_macro   0x00016f7e       0xa5 ./Core/Src/gpio.o
 .debug_macro   0x00017023       0x81 ./Core/Src/gpio.o
 .debug_macro   0x000170a4       0xd3 ./Core/Src/gpio.o
 .debug_macro   0x00017177      0x285 ./Core/Src/gpio.o
 .debug_macro   0x000173fc      0x4bc ./Core/Src/gpio.o
 .debug_macro   0x000178b8       0xe0 ./Core/Src/gpio.o
 .debug_macro   0x00017998      0x29f ./Core/Src/gpio.o
 .debug_macro   0x00017c37       0xfe ./Core/Src/gpio.o
 .debug_macro   0x00017d35       0x28 ./Core/Src/gpio.o
 .debug_macro   0x00017d5d       0x30 ./Core/Src/gpio.o
 .debug_macro   0x00017d8d       0xa8 ./Core/Src/gpio.o
 .debug_macro   0x00017e35      0x287 ./Core/Src/gpio.o
 .debug_macro   0x000180bc      0x1d2 ./Core/Src/gpio.o
 .debug_macro   0x0001828e      0x142 ./Core/Src/gpio.o
 .debug_macro   0x000183d0      0x36e ./Core/Src/ili9163.o
 .debug_macro   0x0001873e       0x5b ./Core/Src/ili9163.o
 .debug_macro   0x00018799       0x2a ./Core/Src/ili9163.o
 .debug_macro   0x000187c3       0x94 ./Core/Src/ili9163.o
 .debug_macro   0x00018857       0x43 ./Core/Src/ili9163.o
 .debug_macro   0x0001889a       0x34 ./Core/Src/ili9163.o
 .debug_macro   0x000188ce       0x16 ./Core/Src/ili9163.o
 .debug_macro   0x000188e4       0x43 ./Core/Src/ili9163.o
 .debug_macro   0x00018927       0x57 ./Core/Src/ili9163.o
 .debug_macro   0x0001897e       0x34 ./Core/Src/ili9163.o
 .debug_macro   0x000189b2       0x10 ./Core/Src/ili9163.o
 .debug_macro   0x000189c2       0x58 ./Core/Src/ili9163.o
 .debug_macro   0x00018a1a       0x8e ./Core/Src/ili9163.o
 .debug_macro   0x00018aa8       0x1c ./Core/Src/ili9163.o
 .debug_macro   0x00018ac4      0x177 ./Core/Src/ili9163.o
 .debug_macro   0x00018c3b      0x369 ./Core/Src/ili9163.o
 .debug_macro   0x00018fa4       0x10 ./Core/Src/ili9163.o
 .debug_macro   0x00018fb4       0x35 ./Core/Src/ili9163.o
 .debug_macro   0x00018fe9       0x20 ./Core/Src/ili9163.o
 .debug_macro   0x00019009       0x1c ./Core/Src/ili9163.o
 .debug_macro   0x00019025       0x10 ./Core/Src/ili9163.o
 .debug_macro   0x00019035       0x1c ./Core/Src/ili9163.o
 .debug_macro   0x00019051       0x16 ./Core/Src/ili9163.o
 .debug_macro   0x00019067      0x146 ./Core/Src/ili9163.o
 .debug_macro   0x000191ad       0x16 ./Core/Src/ili9163.o
 .debug_macro   0x000191c3       0x16 ./Core/Src/ili9163.o
 .debug_macro   0x000191d9       0x29 ./Core/Src/ili9163.o
 .debug_macro   0x00019202      0x19b ./Core/Src/ili9163.o
 .debug_macro   0x0001939d      0x1d8 ./Core/Src/ili9163.o
 .debug_macro   0x00019575       0x4f ./Core/Src/ili9163.o
 .debug_macro   0x000195c4      0x228 ./Core/Src/main.o
 .debug_macro   0x000197ec      0x1de ./Core/Src/main.o
 .debug_macro   0x000199ca      0x211 ./Core/Src/spi.o
 .debug_macro   0x00019bdb      0x211 ./Core/Src/stm32f3xx_it.o
 .debug_macro   0x00019dec      0x19d ./Core/Src/system_stm32f3xx.o
 .debug_macro   0x00019f89      0x1c1 ./Drivers/STM32F3xx_HAL_Driver/Src/stm32f3xx_hal.o
 .debug_macro   0x0001a14a      0x1df ./Drivers/STM32F3xx_HAL_Driver/Src/stm32f3xx_ll_gpio.o
 .debug_macro   0x0001a329      0x13c ./Drivers/STM32F3xx_HAL_Driver/Src/stm32f3xx_ll_gpio.o
 .debug_macro   0x0001a465      0x206 ./Drivers/STM32F3xx_HAL_Driver/Src/stm32f3xx_ll_spi.o
 .debug_macro   0x0001a66b      0x1cc ./Drivers/STM32F3xx_HAL_Driver/Src/stm32f3xx_ll_spi.o
 .debug_macro   0x0001a837      0x4c2 ./Drivers/STM32F3xx_HAL_Driver/Src/stm32f3xx_ll_spi.o
 .debug_macro   0x0001acf9      0x21b ./Drivers/STM32F3xx_HAL_Driver/Src/stm32f3xx_ll_utils.o

.debug_line     0x00000000     0x667a
 .debug_line    0x00000000      0x84f ./Core/Src/gpio.o
 .debug_line    0x0000084f      0xfa0 ./Core/Src/ili9163.o
 .debug_line    0x000017ef      0xbbd ./Core/Src/main.o
 .debug_line    0x000023ac      0xab5 ./Core/Src/spi.o
 .debug_line    0x00002e61      0x8af ./Core/Src/stm32f3xx_it.o
 .debug_line    0x00003710      0x780 ./Core/Src/system_stm32f3xx.o
 .debug_line    0x00003e90       0x7a ./Core/Startup/startup_stm32f303k8tx.o
 .debug_line    0x00003f0a      0x9b8 ./Drivers/STM32F3xx_HAL_Driver/Src/stm32f3xx_hal.o
 .debug_line    0x000048c2      0x9c1 ./Drivers/STM32F3xx_HAL_Driver/Src/stm32f3xx_ll_gpio.o
 .debug_line    0x00005283      0x85b ./Drivers/STM32F3xx_HAL_Driver/Src/stm32f3xx_ll_spi.o
 .debug_line    0x00005ade      0xb9c ./Drivers/STM32F3xx_HAL_Driver/Src/stm32f3xx_ll_utils.o

.debug_str      0x00000000    0x9f335
 .debug_str     0x00000000    0x981a6 ./Core/Src/gpio.o
                              0x98638 (size before relaxing)
 .debug_str     0x000981a6     0x4968 ./Core/Src/ili9163.o
                              0x9ce70 (size before relaxing)
 .debug_str     0x0009cb0e      0x280 ./Core/Src/main.o
                              0x98f4b (size before relaxing)
 .debug_str     0x0009cd8e      0x1a1 ./Core/Src/spi.o
                              0x9884f (size before relaxing)
 .debug_str     0x0009cf2f       0xc9 ./Core/Src/stm32f3xx_it.o
                              0x98581 (size before relaxing)
 .debug_str     0x0009cff8       0x7b ./Core/Src/system_stm32f3xx.o
                              0x9133f (size before relaxing)
 .debug_str     0x0009d073       0x44 ./Core/Startup/startup_stm32f303k8tx.o
                                 0x62 (size before relaxing)
 .debug_str     0x0009d0b7      0x61e ./Drivers/STM32F3xx_HAL_Driver/Src/stm32f3xx_hal.o
                              0x91a2f (size before relaxing)
 .debug_str     0x0009d6d5      0x627 ./Drivers/STM32F3xx_HAL_Driver/Src/stm32f3xx_ll_gpio.o
                              0x92658 (size before relaxing)
 .debug_str     0x0009dcfc      0x965 ./Drivers/STM32F3xx_HAL_Driver/Src/stm32f3xx_ll_spi.o
                              0x9507c (size before relaxing)
 .debug_str     0x0009e661      0xcd4 ./Drivers/STM32F3xx_HAL_Driver/Src/stm32f3xx_ll_utils.o
                              0x96348 (size before relaxing)

.comment        0x00000000       0x43
 .comment       0x00000000       0x43 ./Core/Src/gpio.o
                                 0x44 (size before relaxing)
 .comment       0x00000043       0x44 ./Core/Src/ili9163.o
 .comment       0x00000043       0x44 ./Core/Src/main.o
 .comment       0x00000043       0x44 ./Core/Src/spi.o
 .comment       0x00000043       0x44 ./Core/Src/stm32f3xx_it.o
 .comment       0x00000043       0x44 ./Core/Src/system_stm32f3xx.o
 .comment       0x00000043       0x44 ./Drivers/STM32F3xx_HAL_Driver/Src/stm32f3xx_hal.o
 .comment       0x00000043       0x44 ./Drivers/STM32F3xx_HAL_Driver/Src/stm32f3xx_ll_gpio.o
 .comment       0x00000043       0x44 ./Drivers/STM32F3xx_HAL_Driver/Src/stm32f3xx_ll_spi.o
 .comment       0x00000043       0x44 ./Drivers/STM32F3xx_HAL_Driver/Src/stm32f3xx_ll_utils.o

.debug_frame    0x00000000     0x155c
 .debug_frame   0x00000000       0x84 ./Core/Src/gpio.o
 .debug_frame   0x00000084      0x35c ./Core/Src/ili9163.o
 .debug_frame   0x000003e0      0x280 ./Core/Src/main.o
 .debug_frame   0x00000660      0x33c ./Core/Src/spi.o
 .debug_frame   0x0000099c      0x104 ./Core/Src/stm32f3xx_it.o
 .debug_frame   0x00000aa0       0x58 ./Core/Src/system_stm32f3xx.o
 .debug_frame   0x00000af8      0x334 ./Drivers/STM32F3xx_HAL_Driver/Src/stm32f3xx_hal.o
 .debug_frame   0x00000e2c      0x1c0 ./Drivers/STM32F3xx_HAL_Driver/Src/stm32f3xx_ll_gpio.o
 .debug_frame   0x00000fec      0x148 ./Drivers/STM32F3xx_HAL_Driver/Src/stm32f3xx_ll_spi.o
 .debug_frame   0x00001134      0x3dc ./Drivers/STM32F3xx_HAL_Driver/Src/stm32f3xx_ll_utils.o
 .debug_frame   0x00001510       0x20 C:/ST/STM32CubeIDE_1.16.1/STM32CubeIDE/plugins/com.st.stm32cube.ide.mcu.externaltools.gnu-tools-for-stm32.12.3.rel1.win32_1.0.200.202406191623/tools/bin/../lib/gcc/arm-none-eabi/12.3.1/../../../../arm-none-eabi/lib/thumb/v7e-m+fp/hard\libc_nano.a(libc_a-memset.o)
 .debug_frame   0x00001530       0x2c C:/ST/STM32CubeIDE_1.16.1/STM32CubeIDE/plugins/com.st.stm32cube.ide.mcu.externaltools.gnu-tools-for-stm32.12.3.rel1.win32_1.0.200.202406191623/tools/bin/../lib/gcc/arm-none-eabi/12.3.1/../../../../arm-none-eabi/lib/thumb/v7e-m+fp/hard\libc_nano.a(libc_a-init.o)

.debug_line_str
                0x00000000       0x46
 .debug_line_str
                0x00000000       0x46 ./Core/Startup/startup_stm32f303k8tx.o
