Archive member included to satisfy reference by file (symbol)

D:/STM32CubeIDE_1.16.1/STM32CubeIDE/plugins/com.st.stm32cube.ide.mcu.externaltools.gnu-tools-for-stm32.12.3.rel1.win32_1.1.0.202410251130/tools/bin/../lib/gcc/arm-none-eabi/12.3.1/../../../../arm-none-eabi/lib/thumb/v7e-m+fp/hard\libc_nano.a(libc_a-exit.o)
                              D:/STM32CubeIDE_1.16.1/STM32CubeIDE/plugins/com.st.stm32cube.ide.mcu.externaltools.gnu-tools-for-stm32.12.3.rel1.win32_1.1.0.202410251130/tools/bin/../lib/gcc/arm-none-eabi/12.3.1/../../../../arm-none-eabi/lib/thumb/v7e-m+fp/hard/crt0.o (exit)
D:/STM32CubeIDE_1.16.1/STM32CubeIDE/plugins/com.st.stm32cube.ide.mcu.externaltools.gnu-tools-for-stm32.12.3.rel1.win32_1.1.0.202410251130/tools/bin/../lib/gcc/arm-none-eabi/12.3.1/../../../../arm-none-eabi/lib/thumb/v7e-m+fp/hard\libc_nano.a(libc_a-findfp.o)
                              D:/STM32CubeIDE_1.16.1/STM32CubeIDE/plugins/com.st.stm32cube.ide.mcu.externaltools.gnu-tools-for-stm32.12.3.rel1.win32_1.1.0.202410251130/tools/bin/../lib/gcc/arm-none-eabi/12.3.1/../../../../arm-none-eabi/lib/thumb/v7e-m+fp/hard\libc_nano.a(libc_a-exit.o) (__stdio_exit_handler)
D:/STM32CubeIDE_1.16.1/STM32CubeIDE/plugins/com.st.stm32cube.ide.mcu.externaltools.gnu-tools-for-stm32.12.3.rel1.win32_1.1.0.202410251130/tools/bin/../lib/gcc/arm-none-eabi/12.3.1/../../../../arm-none-eabi/lib/thumb/v7e-m+fp/hard\libc_nano.a(libc_a-fwalk.o)
                              D:/STM32CubeIDE_1.16.1/STM32CubeIDE/plugins/com.st.stm32cube.ide.mcu.externaltools.gnu-tools-for-stm32.12.3.rel1.win32_1.1.0.202410251130/tools/bin/../lib/gcc/arm-none-eabi/12.3.1/../../../../arm-none-eabi/lib/thumb/v7e-m+fp/hard\libc_nano.a(libc_a-findfp.o) (_fwalk_sglue)
D:/STM32CubeIDE_1.16.1/STM32CubeIDE/plugins/com.st.stm32cube.ide.mcu.externaltools.gnu-tools-for-stm32.12.3.rel1.win32_1.1.0.202410251130/tools/bin/../lib/gcc/arm-none-eabi/12.3.1/../../../../arm-none-eabi/lib/thumb/v7e-m+fp/hard\libc_nano.a(libc_a-sprintf.o)
                              ./Core/Src/ili9163.o (sprintf)
D:/STM32CubeIDE_1.16.1/STM32CubeIDE/plugins/com.st.stm32cube.ide.mcu.externaltools.gnu-tools-for-stm32.12.3.rel1.win32_1.1.0.202410251130/tools/bin/../lib/gcc/arm-none-eabi/12.3.1/../../../../arm-none-eabi/lib/thumb/v7e-m+fp/hard\libc_nano.a(libc_a-stdio.o)
                              D:/STM32CubeIDE_1.16.1/STM32CubeIDE/plugins/com.st.stm32cube.ide.mcu.externaltools.gnu-tools-for-stm32.12.3.rel1.win32_1.1.0.202410251130/tools/bin/../lib/gcc/arm-none-eabi/12.3.1/../../../../arm-none-eabi/lib/thumb/v7e-m+fp/hard\libc_nano.a(libc_a-findfp.o) (__sread)
D:/STM32CubeIDE_1.16.1/STM32CubeIDE/plugins/com.st.stm32cube.ide.mcu.externaltools.gnu-tools-for-stm32.12.3.rel1.win32_1.1.0.202410251130/tools/bin/../lib/gcc/arm-none-eabi/12.3.1/../../../../arm-none-eabi/lib/thumb/v7e-m+fp/hard\libc_nano.a(libc_a-memset.o)
                              D:/STM32CubeIDE_1.16.1/STM32CubeIDE/plugins/com.st.stm32cube.ide.mcu.externaltools.gnu-tools-for-stm32.12.3.rel1.win32_1.1.0.202410251130/tools/bin/../lib/gcc/arm-none-eabi/12.3.1/../../../../arm-none-eabi/lib/thumb/v7e-m+fp/hard/crt0.o (memset)
D:/STM32CubeIDE_1.16.1/STM32CubeIDE/plugins/com.st.stm32cube.ide.mcu.externaltools.gnu-tools-for-stm32.12.3.rel1.win32_1.1.0.202410251130/tools/bin/../lib/gcc/arm-none-eabi/12.3.1/../../../../arm-none-eabi/lib/thumb/v7e-m+fp/hard\libc_nano.a(libc_a-closer.o)
                              D:/STM32CubeIDE_1.16.1/STM32CubeIDE/plugins/com.st.stm32cube.ide.mcu.externaltools.gnu-tools-for-stm32.12.3.rel1.win32_1.1.0.202410251130/tools/bin/../lib/gcc/arm-none-eabi/12.3.1/../../../../arm-none-eabi/lib/thumb/v7e-m+fp/hard\libc_nano.a(libc_a-stdio.o) (_close_r)
D:/STM32CubeIDE_1.16.1/STM32CubeIDE/plugins/com.st.stm32cube.ide.mcu.externaltools.gnu-tools-for-stm32.12.3.rel1.win32_1.1.0.202410251130/tools/bin/../lib/gcc/arm-none-eabi/12.3.1/../../../../arm-none-eabi/lib/thumb/v7e-m+fp/hard\libc_nano.a(libc_a-reent.o)
                              D:/STM32CubeIDE_1.16.1/STM32CubeIDE/plugins/com.st.stm32cube.ide.mcu.externaltools.gnu-tools-for-stm32.12.3.rel1.win32_1.1.0.202410251130/tools/bin/../lib/gcc/arm-none-eabi/12.3.1/../../../../arm-none-eabi/lib/thumb/v7e-m+fp/hard\libc_nano.a(libc_a-closer.o) (errno)
D:/STM32CubeIDE_1.16.1/STM32CubeIDE/plugins/com.st.stm32cube.ide.mcu.externaltools.gnu-tools-for-stm32.12.3.rel1.win32_1.1.0.202410251130/tools/bin/../lib/gcc/arm-none-eabi/12.3.1/../../../../arm-none-eabi/lib/thumb/v7e-m+fp/hard\libc_nano.a(libc_a-impure.o)
                              D:/STM32CubeIDE_1.16.1/STM32CubeIDE/plugins/com.st.stm32cube.ide.mcu.externaltools.gnu-tools-for-stm32.12.3.rel1.win32_1.1.0.202410251130/tools/bin/../lib/gcc/arm-none-eabi/12.3.1/../../../../arm-none-eabi/lib/thumb/v7e-m+fp/hard\libc_nano.a(libc_a-sprintf.o) (_impure_ptr)
[...]
Memory Configuration

Name             Origin             Length             Attributes
CCMRAM           0x10000000         0x00001000         xrw
RAM              0x20000000         0x00003000         xrw
FLASH            0x08000000         0x00010000         xr
*default*        0x00000000         0xffffffff

Linker script and memory map

LOAD D:/STM32CubeIDE_1.16.1/STM32CubeIDE/plugins/com.st.stm32cube.ide.mcu.externaltools.gnu-tools-for-stm32.12.3.rel1.win32_1.1.0.202410251130/tools/bin/../lib/gcc/arm-none-eabi/12.3.1/thumb/v7e-m+fp/hard/crti.o
LOAD D:/STM32CubeIDE_1.16.1/STM32CubeIDE/plugins/com.st.stm32cube.ide.mcu.externaltools.gnu-tools-for-stm32.12.3.rel1.win32_1.1.0.202410251130/tools/bin/../lib/gcc/arm-none-eabi/12.3.1/thumb/v7e-m+fp/hard/crtbegin.o
LOAD D:/STM32CubeIDE_1.16.1/STM32CubeIDE/plugins/com.st.stm32cube.ide.mcu.externaltools.gnu-tools-for-stm32.12.3.rel1.win32_1.1.0.202410251130/tools/bin/../lib/gcc/arm-none-eabi/12.3.1/../../../../arm-none-eabi/lib/thumb/v7e-m+fp/hard/crt0.o
LOAD ./Core/Src/fonts.o
LOAD ./Core/Src/gpio.o
LOAD ./Core/Src/ili9163.o
LOAD ./Core/Src/main.o
LOAD ./Core/Src/spi.o
LOAD ./Core/Src/stm32f3xx_hal_msp.o
LOAD ./Core/Src/stm32f3xx_it.o
LOAD ./Core/Src/syscalls.o
LOAD ./Core/Src/sysmem.o
LOAD ./Core/Src/system_stm32f3xx.o
LOAD ./Core/Startup/startup_stm32f303k8tx.o
LOAD ./Drivers/STM32F3xx_HAL_Driver/Src/stm32f3xx_hal.o
LOAD ./Drivers/STM32F3xx_HAL_Driver/Src/stm32f3xx_hal_cortex.o
LOAD ./Drivers/STM32F3xx_HAL_Driver/Src/stm32f3xx_hal_dma.o
LOAD ./Drivers/STM32F3xx_HAL_Driver/Src/stm32f3xx_hal_exti.o
LOAD ./Drivers/STM32F3xx_HAL_Driver/Src/stm32f3xx_hal_flash.o
LOAD ./Drivers/STM32F3xx_HAL_Driver/Src/stm32f3xx_hal_flash_ex.o
LOAD ./Drivers/STM32F3xx_HAL_Driver/Src/stm32f3xx_hal_gpio.o
LOAD ./Drivers/STM32F3xx_HAL_Driver/Src/stm32f3xx_hal_i2c.o
LOAD ./Drivers/STM32F3xx_HAL_Driver/Src/stm32f3xx_hal_i2c_ex.o
LOAD ./Drivers/STM32F3xx_HAL_Driver/Src/stm32f3xx_hal_pwr.o
LOAD ./Drivers/STM32F3xx_HAL_Driver/Src/stm32f3xx_hal_pwr_ex.o
LOAD ./Drivers/STM32F3xx_HAL_Driver/Src/stm32f3xx_hal_rcc.o
LOAD ./Drivers/STM32F3xx_HAL_Driver/Src/stm32f3xx_hal_rcc_ex.o
LOAD ./Drivers/STM32F3xx_HAL_Driver/Src/stm32f3xx_hal_tim.o
LOAD ./Drivers/STM32F3xx_HAL_Driver/Src/stm32f3xx_hal_tim_ex.o
LOAD ./Drivers/STM32F3xx_HAL_Driver/Src/stm32f3xx_ll_dma.o
LOAD ./Drivers/STM32F3xx_HAL_Driver/Src/stm32f3xx_ll_exti.o
LOAD ./Drivers/STM32F3xx_HAL_Driver/Src/stm32f3xx_ll_gpio.o
LOAD ./Drivers/STM32F3xx_HAL_Driver/Src/stm32f3xx_ll_rcc.o
LOAD ./Drivers/STM32F3xx_HAL_Driver/Src/stm32f3xx_ll_spi.o
LOAD ./Drivers/STM32F3xx_HAL_Driver/Src/stm32f3xx_ll_utils.o
START GROUP
LOAD D:/STM32CubeIDE_1.16.1/STM32CubeIDE/plugins/com.st.stm32cube.ide.mcu.externaltools.gnu-tools-for-stm32.12.3.rel1.win32_1.1.0.202410251130/tools/bin/../lib/gcc/arm-none-eabi/12.3.1/../../../../arm-none-eabi/lib/thumb/v7e-m+fp/hard\libc_nano.a
LOAD D:/STM32CubeIDE_1.16.1/STM32CubeIDE/plugins/com.st.stm32cube.ide.mcu.externaltools.gnu-tools-for-stm32.12.3.rel1.win32_1.1.0.202410251130/tools/bin/../lib/gcc/arm-none-eabi/12.3.1/../../../../arm-none-eabi/lib/thumb/v7e-m+fp/hard\libm.a
END GROUP
START GROUP
LOAD D:/STM32CubeIDE_1.16.1/STM32CubeIDE/plugins/com.st.stm32cube.ide.mcu.externaltools.gnu-tools-for-stm32.12.3.rel1.win32_1.1.0.202410251130/tools/bin/../lib/gcc/arm-none-eabi/12.3.1/thumb/v7e-m+fp/hard\libgcc.a
LOAD D:/STM32CubeIDE_1.16.1/STM32CubeIDE/plugins/com.st.stm32cube.ide.mcu.externaltools.gnu-tools-for-stm32.12.3.rel1.win32_1.1.0.202410251130/tools/bin/../lib/gcc/arm-none-eabi/12.3.1/../../../../arm-none-eabi/lib/thumb/v7e-m+fp/hard\libc_nano.a
END GROUP
START GROUP
LOAD D:/STM32CubeIDE_1.16.1/STM32CubeIDE/plugins/com.st.stm32cube.ide.mcu.externaltools.gnu-tools-for-stm32.12.3.rel1.win32_1.1.0.202410251130/tools/bin/../lib/gcc/arm-none-eabi/12.3.1/thumb/v7e-m+fp/hard\libgcc.a
LOAD D:/STM32CubeIDE_1.16.1/STM32CubeIDE/plugins/com.st.stm32cube.ide.mcu.externaltools.gnu-tools-for-stm32.12.3.rel1.win32_1.1.0.202410251130/tools/bin/../lib/gcc/arm-none-eabi/12.3.1/../../../../arm-none-eabi/lib/thumb/v7e-m+fp/hard\libc_nano.a
LOAD D:/STM32CubeIDE_1.16.1/STM32CubeIDE/plugins/com.st.stm32cube.ide.mcu.externaltools.gnu-tools-for-stm32.12.3.rel1.win32_1.1.0.202410251130/tools/bin/../lib/gcc/arm-none-eabi/12.3.1/../../../../arm-none-eabi/lib/thumb/v7e-m+fp/hard\libnosys.a
END GROUP
START GROUP
LOAD D:/STM32CubeIDE_1.16.1/STM32CubeIDE/plugins/com.st.stm32cube.ide.mcu.externaltools.gnu-tools-for-stm32.12.3.rel1.win32_1.1.0.202410251130/tools/bin/../lib/gcc/arm-none-eabi/12.3.1/thumb/v7e-m+fp/hard\libgcc.a
LOAD D:/STM32CubeIDE_1.16.1/STM32CubeIDE/plugins/com.st.stm32cube.ide.mcu.externaltools.gnu-tools-for-stm32.12.3.rel1.win32_1.1.0.202410251130/tools/bin/../lib/gcc/arm-none-eabi/12.3.1/../../../../arm-none-eabi/lib/thumb/v7e-m+fp/hard\libc_nano.a
LOAD D:/STM32CubeIDE_1.16.1/STM32CubeIDE/plugins/com.st.stm32cube.ide.mcu.externaltools.gnu-tools-for-stm32.12.3.rel1.win32_1.1.0.202410251130/tools/bin/../lib/gcc/arm-none-eabi/12.3.1/../../../../arm-none-eabi/lib/thumb/v7e-m+fp/hard\libnosys.a
END GROUP
LOAD D:/STM32CubeIDE_1.16.1/STM32CubeIDE/plugins/com.st.stm32cube.ide.mcu.externaltools.gnu-tools-for-stm32.12.3.rel1.win32_1.1.0.202410251130/tools/bin/../lib/gcc/arm-none-eabi/12.3.1/thumb/v7e-m+fp/hard/crtend.o
LOAD D:/STM32CubeIDE_1.16.1/STM32CubeIDE/plugins/com.st.stm32cube.ide.mcu.externaltools.gnu-tools-for-stm32.12.3.rel1.win32_1.1.0.202410251130/tools/bin/../lib/gcc/arm-none-eabi/12.3.1/thumb/v7e-m+fp/hard/crtn.o
                0x20003000                        _estack = (ORIGIN (RAM) + LENGTH (RAM))
                0x00000200                        _Min_Heap_Size = 0x200
                0x00000400                        _Min_Stack_Size = 0x400

.isr_vector     0x08000000      0x188
                0x08000000                        . = ALIGN (0x4)
 *(.isr_vector)
 .isr_vector    0x08000000      0x188 ./Core/Startup/startup_stm32f303k8tx.o
                0x08000000                g_pfnVectors
                0x08000188                        . = ALIGN (0x4)

.text           0x08000190     0x4320
                0x08000190                        . = ALIGN (0x4)
 *(.text)
 .text          0x08000190       0x40 D:/STM32CubeIDE_1.16.1/STM32CubeIDE/plugins/com.st.stm32cube.ide.mcu.externaltools.gnu-tools-for-stm32.12.3.rel1.win32_1.1.0.202410251130/tools/bin/../lib/gcc/arm-none-eabi/12.3.1/thumb/v7e-m+fp/hard/crtbegin.o
 .text          0x080001d0       0x10 D:/STM32CubeIDE_1.16.1/STM32CubeIDE/plugins/com.st.stm32cube.ide.mcu.externaltools.gnu-tools-for-stm32.12.3.rel1.win32_1.1.0.202410251130/tools/bin/../lib/gcc/arm-none-eabi/12.3.1/../../../../arm-none-eabi/lib/thumb/v7e-m+fp/hard\libc_nano.a(libc_a-strlen.o)
                0x080001d0                strlen
 .text          0x080001e0       0xa0 D:/STM32CubeIDE_1.16.1/STM32CubeIDE/plugins/com.st.stm32cube.ide.mcu.externaltools.gnu-tools-for-stm32.12.3.rel1.win32_1.1.0.202410251130/tools/bin/../lib/gcc/arm-none-eabi/12.3.1/../../../../arm-none-eabi/lib/thumb/v7e-m+fp/hard\libc_nano.a(libc_a-memchr.o)
                0x080001e0                memchr
 *(.text*)
 .text.LL_AHB1_GRP1_EnableClock
                0x08000280       0x30 ./Core/Src/gpio.o
 .text.LL_GPIO_ResetOutputPin
                0x080002b0       0x1c ./Core/Src/gpio.o
 .text.MX_GPIO_Init
                0x080002cc       0x84 ./Core/Src/gpio.o
                0x080002cc                MX_GPIO_Init
 .text.lcdReset
                0x08000350       0x1c ./Core/Src/ili9163.o
                0x08000350                lcdReset
 .text.lcdWriteCommand
                0x0800036c       0x26 ./Core/Src/ili9163.o
                0x0800036c                lcdWriteCommand
 .text.lcdWriteParameter
                0x08000392       0x28 ./Core/Src/ili9163.o
                0x08000392                lcdWriteParameter
 .text.lcdWriteData
                0x080003ba       0x34 ./Core/Src/ili9163.o
                0x080003ba                lcdWriteData
 .text.lcdInitialise
                0x080003ee      0x1b8 ./Core/Src/ili9163.o
                0x080003ee                lcdInitialise
 .text.lcdPlot  0x080005a6       0x9a ./Core/Src/ili9163.o
                0x080005a6                lcdPlot
 .text.lcdLine  0x08000640      0x216 ./Core/Src/ili9163.o
                0x08000640                lcdLine
 .text.lcdDottedLine
                0x08000856      0x1a0 ./Core/Src/ili9163.o
                0x08000856                lcdDottedLine
 .text.lcdRectangle
                0x080009f6       0x8e ./Core/Src/ili9163.o
                0x080009f6                lcdRectangle
 .text.lcdDottedRectangle
                0x08000a84       0x9e ./Core/Src/ili9163.o
                0x08000a84                lcdDottedRectangle
 .text.lcdFilledRectangle
                0x08000b22       0xf0 ./Core/Src/ili9163.o
                0x08000b22                lcdFilledRectangle
 .text.lcdFilledDottedRectangle
                0x08000c12       0x70 ./Core/Src/ili9163.o
                0x08000c12                lcdFilledDottedRectangle
 .text.lcdPolygon
                0x08000c82       0xae ./Core/Src/ili9163.o
                0x08000c82                lcdPolygon
 .text.lcdDottedPolygon
                0x08000d30       0xbc ./Core/Src/ili9163.o
                0x08000d30                lcdDottedPolygon
 .text.lcdFilledTriangle
                0x08000dec      0x32e ./Core/Src/ili9163.o
                0x08000dec                lcdFilledTriangle
 .text.lcdFilledDottedTriangle
                0x0800111a      0x338 ./Core/Src/ili9163.o
                0x0800111a                lcdFilledDottedTriangle
 .text.lcdFilledPolygon
                0x08001452      0x16e ./Core/Src/ili9163.o
                0x08001452                lcdFilledPolygon
 .text.lcdFilledDottedPolygon
                0x080015c0      0x178 ./Core/Src/ili9163.o
                0x080015c0                lcdFilledDottedPolygon
 .text.lcdCircle
                0x08001738      0x17a ./Core/Src/ili9163.o
                0x08001738                lcdCircle
 .text.lcdDottedCircle
                0x080018b2      0x17a ./Core/Src/ili9163.o
                0x080018b2                lcdDottedCircle
 .text.lcdFilledCircle
                0x08001a2c      0x166 ./Core/Src/ili9163.o
                0x08001a2c                lcdFilledCircle
 .text.lcdFilledDottedCircle
                0x08001b92      0x17a ./Core/Src/ili9163.o
                0x08001b92                lcdFilledDottedCircle
 .text.lcdPutCh
                0x08001d0c       0xfc ./Core/Src/ili9163.o
                0x08001d0c                lcdPutCh
 .text.lcdPutChSized
                0x08001e08      0x178 ./Core/Src/ili9163.o
                0x08001e08                lcdPutChSized
 .text.decodeRgbValue
                0x08001f80       0x38 ./Core/Src/ili9163.o
                0x08001f80                decodeRgbValue
 .text.lcdPutS  0x08001fb8       0x78 ./Core/Src/ili9163.o
                0x08001fb8                lcdPutS
 .text.lcdPutSSized
                0x08002030       0xe2 ./Core/Src/ili9163.o
                0x08002030                lcdPutSSized
 *fill*         0x08002112        0x2 
 .text.demoPlot
                0x08002114      0xd3c ./Core/Src/ili9163.o
                0x08002114                demoPlot
 .text.__NVIC_SetPriorityGrouping
                0x08002e50       0x48 ./Core/Src/main.o
 .text.LL_RCC_HSI_Enable
                0x08002e98       0x20 ./Core/Src/main.o
 .text.LL_RCC_HSI_IsReady
                0x08002eb8       0x24 ./Core/Src/main.o
 .text.LL_RCC_HSI_SetCalibTrimming
                0x08002edc       0x2c ./Core/Src/main.o
 .text.LL_RCC_SetSysClkSource
                0x08002f08       0x28 ./Core/Src/main.o
 .text.LL_RCC_GetSysClkSource
                0x08002f30       0x1c ./Core/Src/main.o
 .text.LL_RCC_SetAHBPrescaler
                0x08002f4c       0x28 ./Core/Src/main.o
 .text.LL_RCC_SetAPB1Prescaler
                0x08002f74       0x28 ./Core/Src/main.o
 .text.LL_RCC_SetAPB2Prescaler
                0x08002f9c       0x28 ./Core/Src/main.o
 .text.LL_APB1_GRP1_EnableClock
                0x08002fc4       0x30 ./Core/Src/main.o
 .text.LL_APB2_GRP1_EnableClock
                0x08002ff4       0x30 ./Core/Src/main.o
 .text.LL_FLASH_SetLatency
                0x08003024       0x28 ./Core/Src/main.o
 .text.LL_FLASH_GetLatency
                0x0800304c       0x1c ./Core/Src/main.o
 .text.LL_SYSTICK_SetClkSource
                0x08003068       0x38 ./Core/Src/main.o
 .text.main     0x080030a0       0xb8 ./Core/Src/main.o
                0x080030a0                main
 .text.SystemClock_Config
                0x08003158       0x6c ./Core/Src/main.o
                0x08003158                SystemClock_Config
 .text.Error_Handler
                0x080031c4        0xe ./Core/Src/main.o
                0x080031c4                Error_Handler
 *fill*         0x080031d2        0x2 
 .text.LL_AHB1_GRP1_EnableClock
                0x080031d4       0x30 ./Core/Src/spi.o
 .text.LL_APB2_GRP1_EnableClock
                0x08003204       0x30 ./Core/Src/spi.o
 .text.LL_SPI_Enable
                0x08003234       0x20 ./Core/Src/spi.o
 .text.LL_SPI_SetStandard
                0x08003254       0x26 ./Core/Src/spi.o
 .text.LL_SPI_EnableNSSPulseMgt
                0x0800327a       0x20 ./Core/Src/spi.o
 .text.LL_SPI_DisableNSSPulseMgt
                0x0800329a       0x20 ./Core/Src/spi.o
 .text.LL_SPI_IsActiveFlag_RXNE
                0x080032ba       0x26 ./Core/Src/spi.o
 .text.LL_SPI_IsActiveFlag_TXE
                0x080032e0       0x26 ./Core/Src/spi.o
 .text.LL_SPI_ReceiveData8
                0x08003306       0x1c ./Core/Src/spi.o
 .text.LL_SPI_TransmitData8
                0x08003322       0x24 ./Core/Src/spi.o
 .text.LL_GPIO_SetOutputPin
                0x08003346       0x1c ./Core/Src/spi.o
 .text.LL_GPIO_ResetOutputPin
                0x08003362       0x1c ./Core/Src/spi.o
 *fill*         0x0800337e        0x2 
 .text.MX_SPI1_Init
                0x08003380       0xc4 ./Core/Src/spi.o
                0x08003380                MX_SPI1_Init
 .text.readWriteSPI1
                0x08003444       0x48 ./Core/Src/spi.o
                0x08003444                readWriteSPI1
 .text.initCS_Pin
                0x0800348c        0xc ./Core/Src/spi.o
                0x0800348c                initCS_Pin
 .text.cs_set   0x08003498       0x14 ./Core/Src/spi.o
                0x08003498                cs_set
 .text.cs_reset
                0x080034ac       0x14 ./Core/Src/spi.o
                0x080034ac                cs_reset
 .text.initCD_Pin
                0x080034c0        0xe ./Core/Src/spi.o
                0x080034c0                initCD_Pin
 *fill*         0x080034ce        0x2 
 .text.cd_set   0x080034d0       0x14 ./Core/Src/spi.o
                0x080034d0                cd_set
 .text.cd_reset
                0x080034e4       0x14 ./Core/Src/spi.o
                0x080034e4                cd_reset
 .text.initRES_Pin
                0x080034f8        0xe ./Core/Src/spi.o
                0x080034f8                initRES_Pin
 .text.res_set  0x08003506       0x12 ./Core/Src/spi.o
                0x08003506                res_set
 .text.res_reset
                0x08003518       0x12 ./Core/Src/spi.o
                0x08003518                res_reset
 .text.NMI_Handler
                0x0800352a        0x8 ./Core/Src/stm32f3xx_it.o
                0x0800352a                NMI_Handler
 .text.HardFault_Handler
                0x08003532        0x8 ./Core/Src/stm32f3xx_it.o
                0x08003532                HardFault_Handler
 .text.MemManage_Handler
                0x0800353a        0x8 ./Core/Src/stm32f3xx_it.o
                0x0800353a                MemManage_Handler
 .text.BusFault_Handler
                0x08003542        0x8 ./Core/Src/stm32f3xx_it.o
                0x08003542                BusFault_Handler
 .text.UsageFault_Handler
                0x0800354a        0x8 ./Core/Src/stm32f3xx_it.o
                0x0800354a                UsageFault_Handler
 .text.SVC_Handler
                0x08003552        0xe ./Core/Src/stm32f3xx_it.o
                0x08003552                SVC_Handler
 .text.DebugMon_Handler
                0x08003560        0xe ./Core/Src/stm32f3xx_it.o
                0x08003560                DebugMon_Handler
 .text.PendSV_Handler
                0x0800356e        0xe ./Core/Src/stm32f3xx_it.o
                0x0800356e                PendSV_Handler
 .text.SysTick_Handler
                0x0800357c        0xc ./Core/Src/stm32f3xx_it.o
                0x0800357c                SysTick_Handler
 .text._sbrk    0x08003588       0x6c ./Core/Src/sysmem.o
                0x08003588                _sbrk
 .text.SystemInit
                0x080035f4       0x24 ./Core/Src/system_stm32f3xx.o
                0x080035f4                SystemInit
 .text.Reset_Handler
                0x08003618       0x50 ./Core/Startup/startup_stm32f303k8tx.o
                0x08003618                Reset_Handler
 .text.Default_Handler
                0x08003668        0x2 ./Core/Startup/startup_stm32f303k8tx.o
                0x08003668                RTC_Alarm_IRQHandler
                0x08003668                TIM1_CC_IRQHandler
                0x08003668                PVD_IRQHandler
                0x08003668                TAMP_STAMP_IRQHandler
                0x08003668                EXTI3_IRQHandler
                0x08003668                EXTI0_IRQHandler
                0x08003668                FPU_IRQHandler
                0x08003668                CAN_TX_IRQHandler
                0x08003668                TIM1_UP_TIM16_IRQHandler
                0x08003668                ADC1_2_IRQHandler
                0x08003668                SPI1_IRQHandler
                0x08003668                CAN_SCE_IRQHandler
                0x08003668                DMA1_Channel4_IRQHandler
                0x08003668                USART3_IRQHandler
                0x08003668                DMA1_Channel7_IRQHandler
                0x08003668                TIM7_DAC2_IRQHandler
                0x08003668                CAN_RX1_IRQHandler
                0x08003668                I2C1_EV_IRQHandler
                0x08003668                DMA1_Channel6_IRQHandler
                0x08003668                TIM3_IRQHandler
                0x08003668                RCC_IRQHandler
                0x08003668                DMA1_Channel1_IRQHandler
                0x08003668                Default_Handler
                0x08003668                EXTI15_10_IRQHandler
                0x08003668                COMP2_IRQHandler
                0x08003668                TIM6_DAC1_IRQHandler
                0x08003668                EXTI9_5_IRQHandler
                0x08003668                RTC_WKUP_IRQHandler
                0x08003668                DMA1_Channel5_IRQHandler
                0x08003668                EXTI4_IRQHandler
                0x08003668                TIM1_TRG_COM_TIM17_IRQHandler
                0x08003668                DMA1_Channel3_IRQHandler
                0x08003668                WWDG_IRQHandler
                0x08003668                TIM2_IRQHandler
                0x08003668                EXTI1_IRQHandler
                0x08003668                COMP4_6_IRQHandler
                0x08003668                USART2_IRQHandler
                0x08003668                DMA1_Channel2_IRQHandler
                0x08003668                FLASH_IRQHandler
                0x08003668                USART1_IRQHandler
                0x08003668                CAN_RX0_IRQHandler
                0x08003668                I2C1_ER_IRQHandler
                0x08003668                EXTI2_TSC_IRQHandler
                0x08003668                TIM1_BRK_TIM15_IRQHandler
 *fill*         0x0800366a        0x2 
 .text.HAL_IncTick
                0x0800366c       0x28 ./Drivers/STM32F3xx_HAL_Driver/Src/stm32f3xx_hal.o
                0x0800366c                HAL_IncTick
 .text.LL_GPIO_SetPinMode
                0x08003694       0x5e ./Drivers/STM32F3xx_HAL_Driver/Src/stm32f3xx_ll_gpio.o
 .text.LL_GPIO_SetPinOutputType
                0x080036f2       0x30 ./Drivers/STM32F3xx_HAL_Driver/Src/stm32f3xx_ll_gpio.o
 .text.LL_GPIO_SetPinSpeed
                0x08003722       0x5e ./Drivers/STM32F3xx_HAL_Driver/Src/stm32f3xx_ll_gpio.o
 .text.LL_GPIO_SetPinPull
                0x08003780       0x5e ./Drivers/STM32F3xx_HAL_Driver/Src/stm32f3xx_ll_gpio.o
 .text.LL_GPIO_SetAFPin_0_7
                0x080037de       0x5e ./Drivers/STM32F3xx_HAL_Driver/Src/stm32f3xx_ll_gpio.o
 .text.LL_GPIO_SetAFPin_8_15
                0x0800383c       0x62 ./Drivers/STM32F3xx_HAL_Driver/Src/stm32f3xx_ll_gpio.o
 .text.LL_GPIO_Init
                0x0800389e       0xe0 ./Drivers/STM32F3xx_HAL_Driver/Src/stm32f3xx_ll_gpio.o
                0x0800389e                LL_GPIO_Init
 .text.LL_SPI_IsEnabled
                0x0800397e       0x26 ./Drivers/STM32F3xx_HAL_Driver/Src/stm32f3xx_ll_spi.o
 .text.LL_SPI_SetRxFIFOThreshold
                0x080039a4       0x26 ./Drivers/STM32F3xx_HAL_Driver/Src/stm32f3xx_ll_spi.o
 .text.LL_SPI_SetCRCPolynomial
                0x080039ca       0x20 ./Drivers/STM32F3xx_HAL_Driver/Src/stm32f3xx_ll_spi.o
 .text.LL_SPI_Init
                0x080039ea       0xb0 ./Drivers/STM32F3xx_HAL_Driver/Src/stm32f3xx_ll_spi.o
                0x080039ea                LL_SPI_Init
 *fill*         0x08003a9a        0x2 
 .text.LL_InitTick
                0x08003a9c       0x34 ./Drivers/STM32F3xx_HAL_Driver/Src/stm32f3xx_ll_utils.o
 .text.LL_Init1msTick
                0x08003ad0       0x1a ./Drivers/STM32F3xx_HAL_Driver/Src/stm32f3xx_ll_utils.o
                0x08003ad0                LL_Init1msTick
 *fill*         0x08003aea        0x2 
 .text.LL_mDelay
                0x08003aec       0x4c ./Drivers/STM32F3xx_HAL_Driver/Src/stm32f3xx_ll_utils.o
                0x08003aec                LL_mDelay
 .text.LL_SetSystemCoreClock
                0x08003b38       0x20 ./Drivers/STM32F3xx_HAL_Driver/Src/stm32f3xx_ll_utils.o
                0x08003b38                LL_SetSystemCoreClock
 .text.sprintf  0x08003b58       0x40 D:/STM32CubeIDE_1.16.1/STM32CubeIDE/plugins/com.st.stm32cube.ide.mcu.externaltools.gnu-tools-for-stm32.12.3.rel1.win32_1.1.0.202410251130/tools/bin/../lib/gcc/arm-none-eabi/12.3.1/../../../../arm-none-eabi/lib/thumb/v7e-m+fp/hard\libc_nano.a(libc_a-sprintf.o)
                0x08003b58                siprintf
                0x08003b58                sprintf
 .text.memset   0x08003b98       0x10 D:/STM32CubeIDE_1.16.1/STM32CubeIDE/plugins/com.st.stm32cube.ide.mcu.externaltools.gnu-tools-for-stm32.12.3.rel1.win32_1.1.0.202410251130/tools/bin/../lib/gcc/arm-none-eabi/12.3.1/../../../../arm-none-eabi/lib/thumb/v7e-m+fp/hard\libc_nano.a(libc_a-memset.o)
                0x08003b98                memset
 .text.__errno  0x08003ba8        0xc D:/STM32CubeIDE_1.16.1/STM32CubeIDE/plugins/com.st.stm32cube.ide.mcu.externaltools.gnu-tools-for-stm32.12.3.rel1.win32_1.1.0.202410251130/tools/bin/../lib/gcc/arm-none-eabi/12.3.1/../../../../arm-none-eabi/lib/thumb/v7e-m+fp/hard\libc_nano.a(libc_a-errno.o)
                0x08003ba8                __errno
 .text.__libc_init_array
                0x08003bb4       0x48 D:/STM32CubeIDE_1.16.1/STM32CubeIDE/plugins/com.st.stm32cube.ide.mcu.externaltools.gnu-tools-for-stm32.12.3.rel1.win32_1.1.0.202410251130/tools/bin/../lib/gcc/arm-none-eabi/12.3.1/../../../../arm-none-eabi/lib/thumb/v7e-m+fp/hard\libc_nano.a(libc_a-init.o)
                0x08003bb4                __libc_init_array
 .text.__retarget_lock_acquire_recursive
                0x08003bfc        0x2 D:/STM32CubeIDE_1.16.1/STM32CubeIDE/plugins/com.st.stm32cube.ide.mcu.externaltools.gnu-tools-for-stm32.12.3.rel1.win32_1.1.0.202410251130/tools/bin/../lib/gcc/arm-none-eabi/12.3.1/../../../../arm-none-eabi/lib/thumb/v7e-m+fp/hard\libc_nano.a(libc_a-lock.o)
                0x08003bfc                __retarget_lock_acquire_recursive
 .text.__retarget_lock_release_recursive
                0x08003bfe        0x2 D:/STM32CubeIDE_1.16.1/STM32CubeIDE/plugins/com.st.stm32cube.ide.mcu.externaltools.gnu-tools-for-stm32.12.3.rel1.win32_1.1.0.202410251130/tools/bin/../lib/gcc/arm-none-eabi/12.3.1/../../../../arm-none-eabi/lib/thumb/v7e-m+fp/hard\libc_nano.a(libc_a-lock.o)
                0x08003bfe                __retarget_lock_release_recursive
 .text._free_r  0x08003c00       0x94 D:/STM32CubeIDE_1.16.1/STM32CubeIDE/plugins/com.st.stm32cube.ide.mcu.externaltools.gnu-tools-for-stm32.12.3.rel1.win32_1.1.0.202410251130/tools/bin/../lib/gcc/arm-none-eabi/12.3.1/../../../../arm-none-eabi/lib/thumb/v7e-m+fp/hard\libc_nano.a(libc_a-freer.o)
                0x08003c00                _free_r
 .text.sbrk_aligned
                0x08003c94       0x44 D:/STM32CubeIDE_1.16.1/STM32CubeIDE/plugins/com.st.stm32cube.ide.mcu.externaltools.gnu-tools-for-stm32.12.3.rel1.win32_1.1.0.202410251130/tools/bin/../lib/gcc/arm-none-eabi/12.3.1/../../../../arm-none-eabi/lib/thumb/v7e-m+fp/hard\libc_nano.a(libc_a-mallocr.o)
 .text._malloc_r
                0x08003cd8      0x100 D:/STM32CubeIDE_1.16.1/STM32CubeIDE/plugins/com.st.stm32cube.ide.mcu.externaltools.gnu-tools-for-stm32.12.3.rel1.win32_1.1.0.202410251130/tools/bin/../lib/gcc/arm-none-eabi/12.3.1/../../../../arm-none-eabi/lib/thumb/v7e-m+fp/hard\libc_nano.a(libc_a-mallocr.o)
                0x08003cd8                _malloc_r
 .text.__malloc_lock
                0x08003dd8        0xc D:/STM32CubeIDE_1.16.1/STM32CubeIDE/plugins/com.st.stm32cube.ide.mcu.externaltools.gnu-tools-for-stm32.12.3.rel1.win32_1.1.0.202410251130/tools/bin/../lib/gcc/arm-none-eabi/12.3.1/../../../../arm-none-eabi/lib/thumb/v7e-m+fp/hard\libc_nano.a(libc_a-mlock.o)
                0x08003dd8                __malloc_lock
 .text.__malloc_unlock
                0x08003de4        0xc D:/STM32CubeIDE_1.16.1/STM32CubeIDE/plugins/com.st.stm32cube.ide.mcu.externaltools.gnu-tools-for-stm32.12.3.rel1.win32_1.1.0.202410251130/tools/bin/../lib/gcc/arm-none-eabi/12.3.1/../../../../arm-none-eabi/lib/thumb/v7e-m+fp/hard\libc_nano.a(libc_a-mlock.o)
                0x08003de4                __malloc_unlock
 .text.__ssputs_r
                0x08003df0       0xb6 D:/STM32CubeIDE_1.16.1/STM32CubeIDE/plugins/com.st.stm32cube.ide.mcu.externaltools.gnu-tools-for-stm32.12.3.rel1.win32_1.1.0.202410251130/tools/bin/../lib/gcc/arm-none-eabi/12.3.1/../../../../arm-none-eabi/lib/thumb/v7e-m+fp/hard\libc_nano.a(libc_a-nano-svfprintf.o)
                0x08003df0                __ssputs_r
 *fill*         0x08003ea6        0x2 
 .text._svfprintf_r
                0x08003ea8      0x1f8 D:/STM32CubeIDE_1.16.1/STM32CubeIDE/plugins/com.st.stm32cube.ide.mcu.externaltools.gnu-tools-for-stm32.12.3.rel1.win32_1.1.0.202410251130/tools/bin/../lib/gcc/arm-none-eabi/12.3.1/../../../../arm-none-eabi/lib/thumb/v7e-m+fp/hard\libc_nano.a(libc_a-nano-svfprintf.o)
                0x08003ea8                _svfiprintf_r
                0x08003ea8                _svfprintf_r
 .text._printf_common
                0x080040a0       0xda D:/STM32CubeIDE_1.16.1/STM32CubeIDE/plugins/com.st.stm32cube.ide.mcu.externaltools.gnu-tools-for-stm32.12.3.rel1.win32_1.1.0.202410251130/tools/bin/../lib/gcc/arm-none-eabi/12.3.1/../../../../arm-none-eabi/lib/thumb/v7e-m+fp/hard\libc_nano.a(libc_a-nano-vfprintf_i.o)
                0x080040a0                _printf_common
 *fill*         0x0800417a        0x2 
 .text._printf_i
                0x0800417c      0x240 D:/STM32CubeIDE_1.16.1/STM32CubeIDE/plugins/com.st.stm32cube.ide.mcu.externaltools.gnu-tools-for-stm32.12.3.rel1.win32_1.1.0.202410251130/tools/bin/../lib/gcc/arm-none-eabi/12.3.1/../../../../arm-none-eabi/lib/thumb/v7e-m+fp/hard\libc_nano.a(libc_a-nano-vfprintf_i.o)
                0x0800417c                _printf_i
 .text.memmove  0x080043bc       0x34 D:/STM32CubeIDE_1.16.1/STM32CubeIDE/plugins/com.st.stm32cube.ide.mcu.externaltools.gnu-tools-for-stm32.12.3.rel1.win32_1.1.0.202410251130/tools/bin/../lib/gcc/arm-none-eabi/12.3.1/../../../../arm-none-eabi/lib/thumb/v7e-m+fp/hard\libc_nano.a(libc_a-memmove.o)
                0x080043bc                memmove
 .text._sbrk_r  0x080043f0       0x20 D:/STM32CubeIDE_1.16.1/STM32CubeIDE/plugins/com.st.stm32cube.ide.mcu.externaltools.gnu-tools-for-stm32.12.3.rel1.win32_1.1.0.202410251130/tools/bin/../lib/gcc/arm-none-eabi/12.3.1/../../../../arm-none-eabi/lib/thumb/v7e-m+fp/hard\libc_nano.a(libc_a-sbrkr.o)
                0x080043f0                _sbrk_r
 .text.memcpy   0x08004410       0x1c D:/STM32CubeIDE_1.16.1/STM32CubeIDE/plugins/com.st.stm32cube.ide.mcu.externaltools.gnu-tools-for-stm32.12.3.rel1.win32_1.1.0.202410251130/tools/bin/../lib/gcc/arm-none-eabi/12.3.1/../../../../arm-none-eabi/lib/thumb/v7e-m+fp/hard\libc_nano.a(libc_a-memcpy-stub.o)
                0x08004410                memcpy
 .text._realloc_r
                0x0800442c       0x5c D:/STM32CubeIDE_1.16.1/STM32CubeIDE/plugins/com.st.stm32cube.ide.mcu.externaltools.gnu-tools-for-stm32.12.3.rel1.win32_1.1.0.202410251130/tools/bin/../lib/gcc/arm-none-eabi/12.3.1/../../../../arm-none-eabi/lib/thumb/v7e-m+fp/hard\libc_nano.a(libc_a-reallocr.o)
                0x0800442c                _realloc_r
 .text._malloc_usable_size_r
                0x08004488       0x10 D:/STM32CubeIDE_1.16.1/STM32CubeIDE/plugins/com.st.stm32cube.ide.mcu.externaltools.gnu-tools-for-stm32.12.3.rel1.win32_1.1.0.202410251130/tools/bin/../lib/gcc/arm-none-eabi/12.3.1/../../../../arm-none-eabi/lib/thumb/v7e-m+fp/hard\libc_nano.a(libc_a-msizer.o)
                0x08004488                _malloc_usable_size_r
 *(.glue_7)
 .glue_7        0x08004498        0x0 linker stubs
 *(.glue_7t)
 .glue_7t       0x08004498        0x0 linker stubs
 *(.eh_frame)
 .eh_frame      0x08004498        0x0 D:/STM32CubeIDE_1.16.1/STM32CubeIDE/plugins/com.st.stm32cube.ide.mcu.externaltools.gnu-tools-for-stm32.12.3.rel1.win32_1.1.0.202410251130/tools/bin/../lib/gcc/arm-none-eabi/12.3.1/thumb/v7e-m+fp/hard/crtbegin.o
 *(.init)
 .init          0x08004498        0x4 D:/STM32CubeIDE_1.16.1/STM32CubeIDE/plugins/com.st.stm32cube.ide.mcu.externaltools.gnu-tools-for-stm32.12.3.rel1.win32_1.1.0.202410251130/tools/bin/../lib/gcc/arm-none-eabi/12.3.1/thumb/v7e-m+fp/hard/crti.o
                0x08004498                _init
 .init          0x0800449c        0x8 D:/STM32CubeIDE_1.16.1/STM32CubeIDE/plugins/com.st.stm32cube.ide.mcu.externaltools.gnu-tools-for-stm32.12.3.rel1.win32_1.1.0.202410251130/tools/bin/../lib/gcc/arm-none-eabi/12.3.1/thumb/v7e-m+fp/hard/crtn.o
 *(.fini)
 .fini          0x080044a4        0x4 D:/STM32CubeIDE_1.16.1/STM32CubeIDE/plugins/com.st.stm32cube.ide.mcu.externaltools.gnu-tools-for-stm32.12.3.rel1.win32_1.1.0.202410251130/tools/bin/../lib/gcc/arm-none-eabi/12.3.1/thumb/v7e-m+fp/hard/crti.o
                0x080044a4                _fini
 .fini          0x080044a8        0x8 D:/STM32CubeIDE_1.16.1/STM32CubeIDE/plugins/com.st.stm32cube.ide.mcu.externaltools.gnu-tools-for-stm32.12.3.rel1.win32_1.1.0.202410251130/tools/bin/../lib/gcc/arm-none-eabi/12.3.1/thumb/v7e-m+fp/hard/crtn.o
                0x080044b0                        . = ALIGN (0x4)
                0x080044b0                        _etext = .

.vfp11_veneer   0x080044b0        0x0
 .vfp11_veneer  0x080044b0        0x0 linker stubs

.v4_bx          0x080044b0        0x0
 .v4_bx         0x080044b0        0x0 linker stubs

.iplt           0x080044b0        0x0
 .iplt          0x080044b0        0x0 D:/STM32CubeIDE_1.16.1/STM32CubeIDE/plugins/com.st.stm32cube.ide.mcu.externaltools.gnu-tools-for-stm32.12.3.rel1.win32_1.1.0.202410251130/tools/bin/../lib/gcc/arm-none-eabi/12.3.1/thumb/v7e-m+fp/hard/crtbegin.o

.rodata         0x080044b0      0x408
                0x080044b0                        . = ALIGN (0x4)
 *(.rodata)
 .rodata        0x080044b0       0xd4 ./Core/Src/ili9163.o
 *(.rodata*)
 .rodata.fontus
                0x08004584      0x300 ./Core/Src/ili9163.o
                0x08004584                fontus
 .rodata._svfprintf_r.str1.1
                0x08004884       0x11 D:/STM32CubeIDE_1.16.1/STM32CubeIDE/plugins/com.st.stm32cube.ide.mcu.externaltools.gnu-tools-for-stm32.12.3.rel1.win32_1.1.0.202410251130/tools/bin/../lib/gcc/arm-none-eabi/12.3.1/../../../../arm-none-eabi/lib/thumb/v7e-m+fp/hard\libc_nano.a(libc_a-nano-svfprintf.o)
 .rodata._printf_i.str1.1
                0x08004895       0x22 D:/STM32CubeIDE_1.16.1/STM32CubeIDE/plugins/com.st.stm32cube.ide.mcu.externaltools.gnu-tools-for-stm32.12.3.rel1.win32_1.1.0.202410251130/tools/bin/../lib/gcc/arm-none-eabi/12.3.1/../../../../arm-none-eabi/lib/thumb/v7e-m+fp/hard\libc_nano.a(libc_a-nano-vfprintf_i.o)
                0x080048b8                        . = ALIGN (0x4)
 *fill*         0x080048b7        0x1 

.ARM.extab      0x080048b8        0x0
                0x080048b8                        . = ALIGN (0x4)
 *(.ARM.extab* .gnu.linkonce.armextab.*)
                0x080048b8                        . = ALIGN (0x4)

.ARM            0x080048b8        0x8
                0x080048b8                        . = ALIGN (0x4)
                0x080048b8                        __exidx_start = .
 *(.ARM.exidx*)
 .ARM.exidx     0x080048b8        0x8 D:/STM32CubeIDE_1.16.1/STM32CubeIDE/plugins/com.st.stm32cube.ide.mcu.externaltools.gnu-tools-for-stm32.12.3.rel1.win32_1.1.0.202410251130/tools/bin/../lib/gcc/arm-none-eabi/12.3.1/../../../../arm-none-eabi/lib/thumb/v7e-m+fp/hard\libc_nano.a(libc_a-strlen.o)
 .ARM.exidx     0x080048c0        0x0 D:/STM32CubeIDE_1.16.1/STM32CubeIDE/plugins/com.st.stm32cube.ide.mcu.externaltools.gnu-tools-for-stm32.12.3.rel1.win32_1.1.0.202410251130/tools/bin/../lib/gcc/arm-none-eabi/12.3.1/../../../../arm-none-eabi/lib/thumb/v7e-m+fp/hard\libc_nano.a(libc_a-memchr.o)
                                  0x8 (size before relaxing)
                0x080048c0                        __exidx_end = .
                0x080048c0                        . = ALIGN (0x4)

.preinit_array  0x080048c0        0x0
                0x080048c0                        . = ALIGN (0x4)
                0x080048c0                        PROVIDE (__preinit_array_start = .)
 *(.preinit_array*)
                0x080048c0                        PROVIDE (__preinit_array_end = .)
                0x080048c0                        . = ALIGN (0x4)

.init_array     0x080048c0        0x4
                0x080048c0                        . = ALIGN (0x4)
                0x080048c0                        PROVIDE (__init_array_start = .)
 *(SORT_BY_NAME(.init_array.*))
 *(.init_array*)
 .init_array    0x080048c0        0x4 D:/STM32CubeIDE_1.16.1/STM32CubeIDE/plugins/com.st.stm32cube.ide.mcu.externaltools.gnu-tools-for-stm32.12.3.rel1.win32_1.1.0.202410251130/tools/bin/../lib/gcc/arm-none-eabi/12.3.1/thumb/v7e-m+fp/hard/crtbegin.o
                0x080048c4                        PROVIDE (__init_array_end = .)
                0x080048c4                        . = ALIGN (0x4)

.fini_array     0x080048c4        0x4
                0x080048c4                        . = ALIGN (0x4)
                [!provide]                        PROVIDE (__fini_array_start = .)
 *(SORT_BY_NAME(.fini_array.*))
 *(.fini_array*)
 .fini_array    0x080048c4        0x4 D:/STM32CubeIDE_1.16.1/STM32CubeIDE/plugins/com.st.stm32cube.ide.mcu.externaltools.gnu-tools-for-stm32.12.3.rel1.win32_1.1.0.202410251130/tools/bin/../lib/gcc/arm-none-eabi/12.3.1/thumb/v7e-m+fp/hard/crtbegin.o
                [!provide]                        PROVIDE (__fini_array_end = .)
                0x080048c8                        . = ALIGN (0x4)
                0x080048c8                        _sidata = LOADADDR (.data)

.rel.dyn        0x080048c8        0x0
 .rel.iplt      0x080048c8        0x0 D:/STM32CubeIDE_1.16.1/STM32CubeIDE/plugins/com.st.stm32cube.ide.mcu.externaltools.gnu-tools-for-stm32.12.3.rel1.win32_1.1.0.202410251130/tools/bin/../lib/gcc/arm-none-eabi/12.3.1/thumb/v7e-m+fp/hard/crtbegin.o

.data           0x20000000       0x58 load address 0x080048c8
                0x20000000                        . = ALIGN (0x4)
                0x20000000                        _sdata = .
 *(.data)
 *(.data*)
 .data.SystemCoreClock
                0x20000000        0x4 ./Core/Src/system_stm32f3xx.o
                0x20000000                SystemCoreClock
 .data.uwTickFreq
                0x20000004        0x1 ./Drivers/STM32F3xx_HAL_Driver/Src/stm32f3xx_hal.o
                0x20000004                uwTickFreq
 *fill*         0x20000005        0x3 
 .data._impure_ptr
                0x20000008        0x4 D:/STM32CubeIDE_1.16.1/STM32CubeIDE/plugins/com.st.stm32cube.ide.mcu.externaltools.gnu-tools-for-stm32.12.3.rel1.win32_1.1.0.202410251130/tools/bin/../lib/gcc/arm-none-eabi/12.3.1/../../../../arm-none-eabi/lib/thumb/v7e-m+fp/hard\libc_nano.a(libc_a-impure.o)
                0x20000008                _impure_ptr
 .data._impure_data
                0x2000000c       0x4c D:/STM32CubeIDE_1.16.1/STM32CubeIDE/plugins/com.st.stm32cube.ide.mcu.externaltools.gnu-tools-for-stm32.12.3.rel1.win32_1.1.0.202410251130/tools/bin/../lib/gcc/arm-none-eabi/12.3.1/../../../../arm-none-eabi/lib/thumb/v7e-m+fp/hard\libc_nano.a(libc_a-impure.o)
                0x2000000c                _impure_data
 *(.RamFunc)
 *(.RamFunc*)
                0x20000058                        . = ALIGN (0x4)
                0x20000058                        _edata = .
                0x08004920                        _siccmram = LOADADDR (.ccmram)

.igot.plt       0x20000058        0x0 load address 0x08004920
 .igot.plt      0x20000058        0x0 D:/STM32CubeIDE_1.16.1/STM32CubeIDE/plugins/com.st.stm32cube.ide.mcu.externaltools.gnu-tools-for-stm32.12.3.rel1.win32_1.1.0.202410251130/tools/bin/../lib/gcc/arm-none-eabi/12.3.1/thumb/v7e-m+fp/hard/crtbegin.o

.ccmram         0x10000000        0x0 load address 0x08004920
                0x10000000                        . = ALIGN (0x4)
                0x10000000                        _sccmram = .
 *(.ccmram)
 *(.ccmram*)
                0x10000000                        . = ALIGN (0x4)
                0x10000000                        _eccmram = .
                0x10000000                        . = ALIGN (0x4)

.bss            0x20000058      0x16c
                0x20000058                        _sbss = .
                0x20000058                        __bss_start__ = _sbss
 *(.bss)
 .bss           0x20000058       0x1c D:/STM32CubeIDE_1.16.1/STM32CubeIDE/plugins/com.st.stm32cube.ide.mcu.externaltools.gnu-tools-for-stm32.12.3.rel1.win32_1.1.0.202410251130/tools/bin/../lib/gcc/arm-none-eabi/12.3.1/thumb/v7e-m+fp/hard/crtbegin.o
 *(.bss*)
 .bss.__sbrk_heap_end
                0x20000074        0x4 ./Core/Src/sysmem.o
 .bss.uwTick    0x20000078        0x4 ./Drivers/STM32F3xx_HAL_Driver/Src/stm32f3xx_hal.o
                0x20000078                uwTick
 .bss.__sf      0x2000007c      0x138 D:/STM32CubeIDE_1.16.1/STM32CubeIDE/plugins/com.st.stm32cube.ide.mcu.externaltools.gnu-tools-for-stm32.12.3.rel1.win32_1.1.0.202410251130/tools/bin/../lib/gcc/arm-none-eabi/12.3.1/../../../../arm-none-eabi/lib/thumb/v7e-m+fp/hard\libc_nano.a(libc_a-findfp.o)
                0x2000007c                __sf
 .bss.errno     0x200001b4        0x4 D:/STM32CubeIDE_1.16.1/STM32CubeIDE/plugins/com.st.stm32cube.ide.mcu.externaltools.gnu-tools-for-stm32.12.3.rel1.win32_1.1.0.202410251130/tools/bin/../lib/gcc/arm-none-eabi/12.3.1/../../../../arm-none-eabi/lib/thumb/v7e-m+fp/hard\libc_nano.a(libc_a-reent.o)
                0x200001b4                errno
 .bss.__lock___malloc_recursive_mutex
                0x200001b8        0x1 D:/STM32CubeIDE_1.16.1/STM32CubeIDE/plugins/com.st.stm32cube.ide.mcu.externaltools.gnu-tools-for-stm32.12.3.rel1.win32_1.1.0.202410251130/tools/bin/../lib/gcc/arm-none-eabi/12.3.1/../../../../arm-none-eabi/lib/thumb/v7e-m+fp/hard\libc_nano.a(libc_a-lock.o)
                0x200001b8                __lock___malloc_recursive_mutex
 *fill*         0x200001b9        0x3 
 .bss.__malloc_sbrk_start
                0x200001bc        0x4 D:/STM32CubeIDE_1.16.1/STM32CubeIDE/plugins/com.st.stm32cube.ide.mcu.externaltools.gnu-tools-for-stm32.12.3.rel1.win32_1.1.0.202410251130/tools/bin/../lib/gcc/arm-none-eabi/12.3.1/../../../../arm-none-eabi/lib/thumb/v7e-m+fp/hard\libc_nano.a(libc_a-mallocr.o)
                0x200001bc                __malloc_sbrk_start
 .bss.__malloc_free_list
                0x200001c0        0x4 D:/STM32CubeIDE_1.16.1/STM32CubeIDE/plugins/com.st.stm32cube.ide.mcu.externaltools.gnu-tools-for-stm32.12.3.rel1.win32_1.1.0.202410251130/tools/bin/../lib/gcc/arm-none-eabi/12.3.1/../../../../arm-none-eabi/lib/thumb/v7e-m+fp/hard\libc_nano.a(libc_a-mallocr.o)
                0x200001c0                __malloc_free_list
 *(COMMON)
                0x200001c4                        . = ALIGN (0x4)
                0x200001c4                        _ebss = .
                0x200001c4                        __bss_end__ = _ebss

._user_heap_stack
                0x200001c4      0x604
                0x200001c8                        . = ALIGN (0x8)
 *fill*         0x200001c4        0x4 
                [!provide]                        PROVIDE (end = .)
                0x200001c8                        PROVIDE (_end = .)
                0x200003c8                        . = (. + _Min_Heap_Size)
 *fill*         0x200001c8      0x200 
                0x200007c8                        . = (. + _Min_Stack_Size)
 *fill*         0x200003c8      0x400 
                0x200007c8                        . = ALIGN (0x8)

/DISCARD/
 libc.a(*)
 libm.a(*)
 libgcc.a(*)

.ARM.attributes
                0x00000000       0x30
 *(.ARM.attributes)
 .ARM.attributes
                0x00000000       0x22 D:/STM32CubeIDE_1.16.1/STM32CubeIDE/plugins/com.st.stm32cube.ide.mcu.externaltools.gnu-tools-for-stm32.12.3.rel1.win32_1.1.0.202410251130/tools/bin/../lib/gcc/arm-none-eabi/12.3.1/thumb/v7e-m+fp/hard/crti.o
 .ARM.attributes
                0x00000022       0x34 D:/STM32CubeIDE_1.16.1/STM32CubeIDE/plugins/com.st.stm32cube.ide.mcu.externaltools.gnu-tools-for-stm32.12.3.rel1.win32_1.1.0.202410251130/tools/bin/../lib/gcc/arm-none-eabi/12.3.1/thumb/v7e-m+fp/hard/crtbegin.o
 .ARM.attributes
                0x00000056       0x34 ./Core/Src/gpio.o
 .ARM.attributes
                0x0000008a       0x34 ./Core/Src/ili9163.o
 .ARM.attributes
                0x000000be       0x34 ./Core/Src/main.o
 .ARM.attributes
                0x000000f2       0x34 ./Core/Src/spi.o
 .ARM.attributes
                0x00000126       0x34 ./Core/Src/stm32f3xx_it.o
 .ARM.attributes
                0x0000015a       0x34 ./Core/Src/sysmem.o
 .ARM.attributes
                0x0000018e       0x34 ./Core/Src/system_stm32f3xx.o
 .ARM.attributes
                0x000001c2       0x21 ./Core/Startup/startup_stm32f303k8tx.o
 .ARM.attributes
                0x000001e3       0x34 ./Drivers/STM32F3xx_HAL_Driver/Src/stm32f3xx_hal.o
 .ARM.attributes
                0x00000217       0x34 ./Drivers/STM32F3xx_HAL_Driver/Src/stm32f3xx_ll_gpio.o
 .ARM.attributes
                0x0000024b       0x34 ./Drivers/STM32F3xx_HAL_Driver/Src/stm32f3xx_ll_spi.o
 .ARM.attributes
                0x0000027f       0x34 ./Drivers/STM32F3xx_HAL_Driver/Src/stm32f3xx_ll_utils.o
 .ARM.attributes
                0x000002b3       0x34 D:/STM32CubeIDE_1.16.1/STM32CubeIDE/plugins/com.st.stm32cube.ide.mcu.externaltools.gnu-tools-for-stm32.12.3.rel1.win32_1.1.0.202410251130/tools/bin/../lib/gcc/arm-none-eabi/12.3.1/../../../../arm-none-eabi/lib/thumb/v7e-m+fp/hard\libc_nano.a(libc_a-findfp.o)
 .ARM.attributes
                0x000002e7       0x34 D:/STM32CubeIDE_1.16.1/STM32CubeIDE/plugins/com.st.stm32cube.ide.mcu.externaltools.gnu-tools-for-stm32.12.3.rel1.win32_1.1.0.202410251130/tools/bin/../lib/gcc/arm-none-eabi/12.3.1/../../../../arm-none-eabi/lib/thumb/v7e-m+fp/hard\libc_nano.a(libc_a-sprintf.o)
 .ARM.attributes
                0x0000031b       0x34 D:/STM32CubeIDE_1.16.1/STM32CubeIDE/plugins/com.st.stm32cube.ide.mcu.externaltools.gnu-tools-for-stm32.12.3.rel1.win32_1.1.0.202410251130/tools/bin/../lib/gcc/arm-none-eabi/12.3.1/../../../../arm-none-eabi/lib/thumb/v7e-m+fp/hard\libc_nano.a(libc_a-memset.o)
 .ARM.attributes
                0x0000034f       0x34 D:/STM32CubeIDE_1.16.1/STM32CubeIDE/plugins/com.st.stm32cube.ide.mcu.externaltools.gnu-tools-for-stm32.12.3.rel1.win32_1.1.0.202410251130/tools/bin/../lib/gcc/arm-none-eabi/12.3.1/../../../../arm-none-eabi/lib/thumb/v7e-m+fp/hard\libc_nano.a(libc_a-reent.o)
 .ARM.attributes
                0x00000383       0x34 D:/STM32CubeIDE_1.16.1/STM32CubeIDE/plugins/com.st.stm32cube.ide.mcu.externaltools.gnu-tools-for-stm32.12.3.rel1.win32_1.1.0.202410251130/tools/bin/../lib/gcc/arm-none-eabi/12.3.1/../../../../arm-none-eabi/lib/thumb/v7e-m+fp/hard\libc_nano.a(libc_a-impure.o)
 .ARM.attributes
                0x000003b7       0x34 D:/STM32CubeIDE_1.16.1/STM32CubeIDE/plugins/com.st.stm32cube.ide.mcu.externaltools.gnu-tools-for-stm32.12.3.rel1.win32_1.1.0.202410251130/tools/bin/../lib/gcc/arm-none-eabi/12.3.1/../../../../arm-none-eabi/lib/thumb/v7e-m+fp/hard\libc_nano.a(libc_a-errno.o)
 .ARM.attributes
                0x000003eb       0x34 D:/STM32CubeIDE_1.16.1/STM32CubeIDE/plugins/com.st.stm32cube.ide.mcu.externaltools.gnu-tools-for-stm32.12.3.rel1.win32_1.1.0.202410251130/tools/bin/../lib/gcc/arm-none-eabi/12.3.1/../../../../arm-none-eabi/lib/thumb/v7e-m+fp/hard\libc_nano.a(libc_a-init.o)
 .ARM.attributes
                0x0000041f       0x34 D:/STM32CubeIDE_1.16.1/STM32CubeIDE/plugins/com.st.stm32cube.ide.mcu.externaltools.gnu-tools-for-stm32.12.3.rel1.win32_1.1.0.202410251130/tools/bin/../lib/gcc/arm-none-eabi/12.3.1/../../../../arm-none-eabi/lib/thumb/v7e-m+fp/hard\libc_nano.a(libc_a-lock.o)
 .ARM.attributes
                0x00000453       0x17 D:/STM32CubeIDE_1.16.1/STM32CubeIDE/plugins/com.st.stm32cube.ide.mcu.externaltools.gnu-tools-for-stm32.12.3.rel1.win32_1.1.0.202410251130/tools/bin/../lib/gcc/arm-none-eabi/12.3.1/../../../../arm-none-eabi/lib/thumb/v7e-m+fp/hard\libc_nano.a(libc_a-strlen.o)
 .ARM.attributes
                0x0000046a       0x34 D:/STM32CubeIDE_1.16.1/STM32CubeIDE/plugins/com.st.stm32cube.ide.mcu.externaltools.gnu-tools-for-stm32.12.3.rel1.win32_1.1.0.202410251130/tools/bin/../lib/gcc/arm-none-eabi/12.3.1/../../../../arm-none-eabi/lib/thumb/v7e-m+fp/hard\libc_nano.a(libc_a-freer.o)
 .ARM.attributes
                0x0000049e       0x34 D:/STM32CubeIDE_1.16.1/STM32CubeIDE/plugins/com.st.stm32cube.ide.mcu.externaltools.gnu-tools-for-stm32.12.3.rel1.win32_1.1.0.202410251130/tools/bin/../lib/gcc/arm-none-eabi/12.3.1/../../../../arm-none-eabi/lib/thumb/v7e-m+fp/hard\libc_nano.a(libc_a-mallocr.o)
 .ARM.attributes
                0x000004d2       0x34 D:/STM32CubeIDE_1.16.1/STM32CubeIDE/plugins/com.st.stm32cube.ide.mcu.externaltools.gnu-tools-for-stm32.12.3.rel1.win32_1.1.0.202410251130/tools/bin/../lib/gcc/arm-none-eabi/12.3.1/../../../../arm-none-eabi/lib/thumb/v7e-m+fp/hard\libc_nano.a(libc_a-mlock.o)
 .ARM.attributes
                0x00000506       0x34 D:/STM32CubeIDE_1.16.1/STM32CubeIDE/plugins/com.st.stm32cube.ide.mcu.externaltools.gnu-tools-for-stm32.12.3.rel1.win32_1.1.0.202410251130/tools/bin/../lib/gcc/arm-none-eabi/12.3.1/../../../../arm-none-eabi/lib/thumb/v7e-m+fp/hard\libc_nano.a(libc_a-nano-svfprintf.o)
 .ARM.attributes
                0x0000053a       0x34 D:/STM32CubeIDE_1.16.1/STM32CubeIDE/plugins/com.st.stm32cube.ide.mcu.externaltools.gnu-tools-for-stm32.12.3.rel1.win32_1.1.0.202410251130/tools/bin/../lib/gcc/arm-none-eabi/12.3.1/../../../../arm-none-eabi/lib/thumb/v7e-m+fp/hard\libc_nano.a(libc_a-nano-vfprintf_i.o)
 .ARM.attributes
                0x0000056e       0x34 D:/STM32CubeIDE_1.16.1/STM32CubeIDE/plugins/com.st.stm32cube.ide.mcu.externaltools.gnu-tools-for-stm32.12.3.rel1.win32_1.1.0.202410251130/tools/bin/../lib/gcc/arm-none-eabi/12.3.1/../../../../arm-none-eabi/lib/thumb/v7e-m+fp/hard\libc_nano.a(libc_a-memmove.o)
 .ARM.attributes
                0x000005a2       0x34 D:/STM32CubeIDE_1.16.1/STM32CubeIDE/plugins/com.st.stm32cube.ide.mcu.externaltools.gnu-tools-for-stm32.12.3.rel1.win32_1.1.0.202410251130/tools/bin/../lib/gcc/arm-none-eabi/12.3.1/../../../../arm-none-eabi/lib/thumb/v7e-m+fp/hard\libc_nano.a(libc_a-sbrkr.o)
 .ARM.attributes
                0x000005d6       0x1c D:/STM32CubeIDE_1.16.1/STM32CubeIDE/plugins/com.st.stm32cube.ide.mcu.externaltools.gnu-tools-for-stm32.12.3.rel1.win32_1.1.0.202410251130/tools/bin/../lib/gcc/arm-none-eabi/12.3.1/../../../../arm-none-eabi/lib/thumb/v7e-m+fp/hard\libc_nano.a(libc_a-memchr.o)
 .ARM.attributes
                0x000005f2       0x34 D:/STM32CubeIDE_1.16.1/STM32CubeIDE/plugins/com.st.stm32cube.ide.mcu.externaltools.gnu-tools-for-stm32.12.3.rel1.win32_1.1.0.202410251130/tools/bin/../lib/gcc/arm-none-eabi/12.3.1/../../../../arm-none-eabi/lib/thumb/v7e-m+fp/hard\libc_nano.a(libc_a-memcpy-stub.o)
 .ARM.attributes
                0x00000626       0x34 D:/STM32CubeIDE_1.16.1/STM32CubeIDE/plugins/com.st.stm32cube.ide.mcu.externaltools.gnu-tools-for-stm32.12.3.rel1.win32_1.1.0.202410251130/tools/bin/../lib/gcc/arm-none-eabi/12.3.1/../../../../arm-none-eabi/lib/thumb/v7e-m+fp/hard\libc_nano.a(libc_a-reallocr.o)
 .ARM.attributes
                0x0000065a       0x34 D:/STM32CubeIDE_1.16.1/STM32CubeIDE/plugins/com.st.stm32cube.ide.mcu.externaltools.gnu-tools-for-stm32.12.3.rel1.win32_1.1.0.202410251130/tools/bin/../lib/gcc/arm-none-eabi/12.3.1/../../../../arm-none-eabi/lib/thumb/v7e-m+fp/hard\libc_nano.a(libc_a-msizer.o)
 .ARM.attributes
                0x0000068e       0x22 D:/STM32CubeIDE_1.16.1/STM32CubeIDE/plugins/com.st.stm32cube.ide.mcu.externaltools.gnu-tools-for-stm32.12.3.rel1.win32_1.1.0.202410251130/tools/bin/../lib/gcc/arm-none-eabi/12.3.1/thumb/v7e-m+fp/hard/crtn.o
OUTPUT(DOOM-vrs.elf elf32-littlearm)
LOAD linker stubs
LOAD D:/STM32CubeIDE_1.16.1/STM32CubeIDE/plugins/com.st.stm32cube.ide.mcu.externaltools.gnu-tools-for-stm32.12.3.rel1.win32_1.1.0.202410251130/tools/bin/../lib/gcc/arm-none-eabi/12.3.1/../../../../arm-none-eabi/lib/thumb/v7e-m+fp/hard\libc.a
LOAD D:/STM32CubeIDE_1.16.1/STM32CubeIDE/plugins/com.st.stm32cube.ide.mcu.externaltools.gnu-tools-for-stm32.12.3.rel1.win32_1.1.0.202410251130/tools/bin/../lib/gcc/arm-none-eabi/12.3.1/../../../../arm-none-eabi/lib/thumb/v7e-m+fp/hard\libm.a
LOAD D:/STM32CubeIDE_1.16.1/STM32CubeIDE/plugins/com.st.stm32cube.ide.mcu.externaltools.gnu-tools-for-stm32.12.3.rel1.win32_1.1.0.202410251130/tools/bin/../lib/gcc/arm-none-eabi/12.3.1/thumb/v7e-m+fp/hard\libgcc.a

.debug_info     0x00000000     0x4501
 .debug_info    0x00000000      0x364 ./Core/Src/gpio.o
 .debug_info    0x00000364     0x115c ./Core/Src/ili9163.o
 .debug_info    0x000014c0      0x7bb ./Core/Src/main.o
 .debug_info    0x00001c7b      0x753 ./Core/Src/spi.o
 .debug_info    0x000023ce      0x157 ./Core/Src/stm32f3xx_it.o
 .debug_info    0x00002525      0x168 ./Core/Src/sysmem.o
 .debug_info    0x0000268d      0x407 ./Core/Src/system_stm32f3xx.o
 .debug_info    0x00002a94       0x30 ./Core/Startup/startup_stm32f303k8tx.o
 .debug_info    0x00002ac4      0x74a ./Drivers/STM32F3xx_HAL_Driver/Src/stm32f3xx_hal.o
 .debug_info    0x0000320e      0x6ee ./Drivers/STM32F3xx_HAL_Driver/Src/stm32f3xx_ll_gpio.o
 .debug_info    0x000038fc      0x3fb ./Drivers/STM32F3xx_HAL_Driver/Src/stm32f3xx_ll_spi.o
 .debug_info    0x00003cf7      0x80a ./Drivers/STM32F3xx_HAL_Driver/Src/stm32f3xx_ll_utils.o

.debug_abbrev   0x00000000     0x12de
 .debug_abbrev  0x00000000      0x197 ./Core/Src/gpio.o
 .debug_abbrev  0x00000197      0x1ec ./Core/Src/ili9163.o
 .debug_abbrev  0x00000383      0x21b ./Core/Src/main.o
 .debug_abbrev  0x0000059e      0x228 ./Core/Src/spi.o
 .debug_abbrev  0x000007c6       0xac ./Core/Src/stm32f3xx_it.o
 .debug_abbrev  0x00000872       0xbc ./Core/Src/sysmem.o
 .debug_abbrev  0x0000092e      0x11a ./Core/Src/system_stm32f3xx.o
 .debug_abbrev  0x00000a48       0x24 ./Core/Startup/startup_stm32f303k8tx.o
 .debug_abbrev  0x00000a6c      0x215 ./Drivers/STM32F3xx_HAL_Driver/Src/stm32f3xx_hal.o
 .debug_abbrev  0x00000c81      0x21e ./Drivers/STM32F3xx_HAL_Driver/Src/stm32f3xx_ll_gpio.o
 .debug_abbrev  0x00000e9f      0x186 ./Drivers/STM32F3xx_HAL_Driver/Src/stm32f3xx_ll_spi.o
 .debug_abbrev  0x00001025      0x2b9 ./Drivers/STM32F3xx_HAL_Driver/Src/stm32f3xx_ll_utils.o

.debug_aranges  0x00000000      0x618
 .debug_aranges
                0x00000000       0x30 ./Core/Src/gpio.o
 .debug_aranges
                0x00000030      0x110 ./Core/Src/ili9163.o
 .debug_aranges
                0x00000140       0xa0 ./Core/Src/main.o
 .debug_aranges
                0x000001e0       0xd0 ./Core/Src/spi.o
 .debug_aranges
                0x000002b0       0x60 ./Core/Src/stm32f3xx_it.o
 .debug_aranges
                0x00000310       0x20 ./Core/Src/sysmem.o
 .debug_aranges
                0x00000330       0x28 ./Core/Src/system_stm32f3xx.o
 .debug_aranges
                0x00000358       0x28 ./Core/Startup/startup_stm32f303k8tx.o
 .debug_aranges
                0x00000380       0xe0 ./Drivers/STM32F3xx_HAL_Driver/Src/stm32f3xx_hal.o
 .debug_aranges
                0x00000460       0x70 ./Drivers/STM32F3xx_HAL_Driver/Src/stm32f3xx_ll_gpio.o
 .debug_aranges
                0x000004d0       0x58 ./Drivers/STM32F3xx_HAL_Driver/Src/stm32f3xx_ll_spi.o
 .debug_aranges
                0x00000528       0xf0 ./Drivers/STM32F3xx_HAL_Driver/Src/stm32f3xx_ll_utils.o

.debug_rnglists
                0x00000000      0x474
 .debug_rnglists
                0x00000000       0x20 ./Core/Src/gpio.o
 .debug_rnglists
                0x00000020       0xdc ./Core/Src/ili9163.o
 .debug_rnglists
                0x000000fc       0x74 ./Core/Src/main.o
 .debug_rnglists
                0x00000170       0x98 ./Core/Src/spi.o
 .debug_rnglists
                0x00000208       0x43 ./Core/Src/stm32f3xx_it.o
 .debug_rnglists
                0x0000024b       0x13 ./Core/Src/sysmem.o
 .debug_rnglists
                0x0000025e       0x1a ./Core/Src/system_stm32f3xx.o
 .debug_rnglists
                0x00000278       0x19 ./Core/Startup/startup_stm32f303k8tx.o
 .debug_rnglists
                0x00000291       0xa3 ./Drivers/STM32F3xx_HAL_Driver/Src/stm32f3xx_hal.o
 .debug_rnglists
                0x00000334       0x51 ./Drivers/STM32F3xx_HAL_Driver/Src/stm32f3xx_ll_gpio.o
 .debug_rnglists
                0x00000385       0x3e ./Drivers/STM32F3xx_HAL_Driver/Src/stm32f3xx_ll_spi.o
 .debug_rnglists
                0x000003c3       0xb1 ./Drivers/STM32F3xx_HAL_Driver/Src/stm32f3xx_ll_utils.o

.debug_macro    0x00000000    0x1b3fa
 .debug_macro   0x00000000      0x211 ./Core/Src/gpio.o
 .debug_macro   0x00000211       0x2e ./Core/Src/gpio.o
 .debug_macro   0x0000023f       0x28 ./Core/Src/gpio.o
 .debug_macro   0x00000267       0x1c ./Core/Src/gpio.o
 .debug_macro   0x00000283       0x22 ./Core/Src/gpio.o
 .debug_macro   0x000002a5       0xd9 ./Core/Src/gpio.o
 .debug_macro   0x0000037e      0xf07 ./Core/Src/gpio.o
 .debug_macro   0x00001285    0x10be0 ./Core/Src/gpio.o
 .debug_macro   0x00011e65       0x6d ./Core/Src/gpio.o
 .debug_macro   0x00011ed2      0x14b ./Core/Src/gpio.o
 .debug_macro   0x0001201d     0x3574 ./Core/Src/gpio.o
 .debug_macro   0x00015591      0x189 ./Core/Src/gpio.o
 .debug_macro   0x0001571a       0x55 ./Core/Src/gpio.o
 .debug_macro   0x0001576f      0x8f8 ./Core/Src/gpio.o
 .debug_macro   0x00016067      0x304 ./Core/Src/gpio.o
 .debug_macro   0x0001636b      0x1b5 ./Core/Src/gpio.o
 .debug_macro   0x00016520      0x11b ./Core/Src/gpio.o
 .debug_macro   0x0001663b      0x1d5 ./Core/Src/gpio.o
 .debug_macro   0x00016810      0x1bc ./Core/Src/gpio.o
 .debug_macro   0x000169cc       0x34 ./Core/Src/gpio.o
 .debug_macro   0x00016a00       0x3c ./Core/Src/gpio.o
 .debug_macro   0x00016a3c       0x57 ./Core/Src/gpio.o
 .debug_macro   0x00016a93       0xc5 ./Core/Src/gpio.o
 .debug_macro   0x00016b58      0x19f ./Core/Src/gpio.o
 .debug_macro   0x00016cf7      0x22c ./Core/Src/gpio.o
 .debug_macro   0x00016f23       0x5b ./Core/Src/gpio.o
 .debug_macro   0x00016f7e       0xa5 ./Core/Src/gpio.o
 .debug_macro   0x00017023       0x81 ./Core/Src/gpio.o
 .debug_macro   0x000170a4       0xd3 ./Core/Src/gpio.o
 .debug_macro   0x00017177      0x285 ./Core/Src/gpio.o
 .debug_macro   0x000173fc      0x4bc ./Core/Src/gpio.o
 .debug_macro   0x000178b8       0xe0 ./Core/Src/gpio.o
 .debug_macro   0x00017998      0x29f ./Core/Src/gpio.o
 .debug_macro   0x00017c37       0xfe ./Core/Src/gpio.o
 .debug_macro   0x00017d35       0x28 ./Core/Src/gpio.o
 .debug_macro   0x00017d5d       0x30 ./Core/Src/gpio.o
 .debug_macro   0x00017d8d       0xa8 ./Core/Src/gpio.o
 .debug_macro   0x00017e35      0x287 ./Core/Src/gpio.o
 .debug_macro   0x000180bc      0x1d2 ./Core/Src/gpio.o
 .debug_macro   0x0001828e      0x142 ./Core/Src/gpio.o
 .debug_macro   0x000183d0      0x36e ./Core/Src/ili9163.o
 .debug_macro   0x0001873e       0x5b ./Core/Src/ili9163.o
 .debug_macro   0x00018799       0x2a ./Core/Src/ili9163.o
 .debug_macro   0x000187c3       0x94 ./Core/Src/ili9163.o
 .debug_macro   0x00018857       0x43 ./Core/Src/ili9163.o
 .debug_macro   0x0001889a       0x34 ./Core/Src/ili9163.o
 .debug_macro   0x000188ce       0x16 ./Core/Src/ili9163.o
 .debug_macro   0x000188e4       0x43 ./Core/Src/ili9163.o
 .debug_macro   0x00018927       0x57 ./Core/Src/ili9163.o
 .debug_macro   0x0001897e       0x34 ./Core/Src/ili9163.o
 .debug_macro   0x000189b2       0x10 ./Core/Src/ili9163.o
 .debug_macro   0x000189c2       0x58 ./Core/Src/ili9163.o
 .debug_macro   0x00018a1a       0x8e ./Core/Src/ili9163.o
 .debug_macro   0x00018aa8       0x1c ./Core/Src/ili9163.o
 .debug_macro   0x00018ac4      0x177 ./Core/Src/ili9163.o
 .debug_macro   0x00018c3b      0x369 ./Core/Src/ili9163.o
 .debug_macro   0x00018fa4       0x10 ./Core/Src/ili9163.o
 .debug_macro   0x00018fb4       0x35 ./Core/Src/ili9163.o
 .debug_macro   0x00018fe9       0x20 ./Core/Src/ili9163.o
 .debug_macro   0x00019009       0x1c ./Core/Src/ili9163.o
 .debug_macro   0x00019025       0x10 ./Core/Src/ili9163.o
 .debug_macro   0x00019035       0x1c ./Core/Src/ili9163.o
 .debug_macro   0x00019051       0x16 ./Core/Src/ili9163.o
 .debug_macro   0x00019067      0x146 ./Core/Src/ili9163.o
 .debug_macro   0x000191ad       0x16 ./Core/Src/ili9163.o
 .debug_macro   0x000191c3       0x16 ./Core/Src/ili9163.o
 .debug_macro   0x000191d9       0x29 ./Core/Src/ili9163.o
 .debug_macro   0x00019202      0x19b ./Core/Src/ili9163.o
 .debug_macro   0x0001939d      0x1d8 ./Core/Src/ili9163.o
 .debug_macro   0x00019575       0x4f ./Core/Src/ili9163.o
 .debug_macro   0x000195c4      0x330 ./Core/Src/main.o
 .debug_macro   0x000198f4      0x1de ./Core/Src/main.o
 .debug_macro   0x00019ad2       0x61 ./Core/Src/main.o
 .debug_macro   0x00019b33       0x16 ./Core/Src/main.o
 .debug_macro   0x00019b49       0x16 ./Core/Src/main.o
 .debug_macro   0x00019b5f       0x16 ./Core/Src/main.o
 .debug_macro   0x00019b75      0x211 ./Core/Src/spi.o
 .debug_macro   0x00019d86      0x211 ./Core/Src/stm32f3xx_it.o
 .debug_macro   0x00019f97       0xff ./Core/Src/sysmem.o
 .debug_macro   0x0001a096      0x23c ./Core/Src/sysmem.o
 .debug_macro   0x0001a2d2      0x19d ./Core/Src/system_stm32f3xx.o
 .debug_macro   0x0001a46f      0x1c1 ./Drivers/STM32F3xx_HAL_Driver/Src/stm32f3xx_hal.o
 .debug_macro   0x0001a630      0x1df ./Drivers/STM32F3xx_HAL_Driver/Src/stm32f3xx_ll_gpio.o
 .debug_macro   0x0001a80f      0x13c ./Drivers/STM32F3xx_HAL_Driver/Src/stm32f3xx_ll_gpio.o
 .debug_macro   0x0001a94b      0x206 ./Drivers/STM32F3xx_HAL_Driver/Src/stm32f3xx_ll_spi.o
 .debug_macro   0x0001ab51      0x1cc ./Drivers/STM32F3xx_HAL_Driver/Src/stm32f3xx_ll_spi.o
 .debug_macro   0x0001ad1d      0x4c2 ./Drivers/STM32F3xx_HAL_Driver/Src/stm32f3xx_ll_spi.o
 .debug_macro   0x0001b1df      0x21b ./Drivers/STM32F3xx_HAL_Driver/Src/stm32f3xx_ll_utils.o

.debug_line     0x00000000     0x7612
 .debug_line    0x00000000      0x83b ./Core/Src/gpio.o
 .debug_line    0x0000083b     0x1a97 ./Core/Src/ili9163.o
 .debug_line    0x000022d2      0xb94 ./Core/Src/main.o
 .debug_line    0x00002e66      0xaa1 ./Core/Src/spi.o
 .debug_line    0x00003907      0x89b ./Core/Src/stm32f3xx_it.o
 .debug_line    0x000041a2      0x56a ./Core/Src/sysmem.o
 .debug_line    0x0000470c      0x76c ./Core/Src/system_stm32f3xx.o
 .debug_line    0x00004e78       0x7a ./Core/Startup/startup_stm32f303k8tx.o
 .debug_line    0x00004ef2      0x9a4 ./Drivers/STM32F3xx_HAL_Driver/Src/stm32f3xx_hal.o
 .debug_line    0x00005896      0x9ad ./Drivers/STM32F3xx_HAL_Driver/Src/stm32f3xx_ll_gpio.o
 .debug_line    0x00006243      0x847 ./Drivers/STM32F3xx_HAL_Driver/Src/stm32f3xx_ll_spi.o
 .debug_line    0x00006a8a      0xb88 ./Drivers/STM32F3xx_HAL_Driver/Src/stm32f3xx_ll_utils.o

.debug_str      0x00000000    0x9f968
 .debug_str     0x00000000    0x981c4 ./Core/Src/gpio.o
                              0x98656 (size before relaxing)
 .debug_str     0x000981c4     0x4aaa ./Core/Src/ili9163.o
                              0x9cfe0 (size before relaxing)
 .debug_str     0x0009cc6e      0x277 ./Core/Src/main.o
                              0x9c66f (size before relaxing)
 .debug_str     0x0009cee5      0x1a1 ./Core/Src/spi.o
                              0x9886d (size before relaxing)
 .debug_str     0x0009d086       0xc9 ./Core/Src/stm32f3xx_it.o
                              0x9859f (size before relaxing)
 .debug_str     0x0009d14f      0x4dc ./Core/Src/sysmem.o
                               0x60e2 (size before relaxing)
 .debug_str     0x0009d62b       0x7b ./Core/Src/system_stm32f3xx.o
                              0x9135d (size before relaxing)
 .debug_str     0x0009d6a6       0x44 ./Core/Startup/startup_stm32f303k8tx.o
                                 0x80 (size before relaxing)
 .debug_str     0x0009d6ea      0x61e ./Drivers/STM32F3xx_HAL_Driver/Src/stm32f3xx_hal.o
                              0x91a4d (size before relaxing)
 .debug_str     0x0009dd08      0x627 ./Drivers/STM32F3xx_HAL_Driver/Src/stm32f3xx_ll_gpio.o
                              0x92676 (size before relaxing)
 .debug_str     0x0009e32f      0x965 ./Drivers/STM32F3xx_HAL_Driver/Src/stm32f3xx_ll_spi.o
                              0x9509a (size before relaxing)
 .debug_str     0x0009ec94      0xcd4 ./Drivers/STM32F3xx_HAL_Driver/Src/stm32f3xx_ll_utils.o
                              0x96366 (size before relaxing)

.comment        0x00000000       0x43
 .comment       0x00000000       0x43 ./Core/Src/gpio.o
                                 0x44 (size before relaxing)
 .comment       0x00000043       0x44 ./Core/Src/ili9163.o
 .comment       0x00000043       0x44 ./Core/Src/main.o
 .comment       0x00000043       0x44 ./Core/Src/spi.o
 .comment       0x00000043       0x44 ./Core/Src/stm32f3xx_it.o
 .comment       0x00000043       0x44 ./Core/Src/sysmem.o
 .comment       0x00000043       0x44 ./Core/Src/system_stm32f3xx.o
 .comment       0x00000043       0x44 ./Drivers/STM32F3xx_HAL_Driver/Src/stm32f3xx_hal.o
 .comment       0x00000043       0x44 ./Drivers/STM32F3xx_HAL_Driver/Src/stm32f3xx_ll_gpio.o
 .comment       0x00000043       0x44 ./Drivers/STM32F3xx_HAL_Driver/Src/stm32f3xx_ll_spi.o
 .comment       0x00000043       0x44 ./Drivers/STM32F3xx_HAL_Driver/Src/stm32f3xx_ll_utils.o

.debug_frame    0x00000000     0x1c28
 .debug_frame   0x00000000       0x84 ./Core/Src/gpio.o
 .debug_frame   0x00000084      0x4c0 ./Core/Src/ili9163.o
 .debug_frame   0x00000544      0x27c ./Core/Src/main.o
 .debug_frame   0x000007c0      0x33c ./Core/Src/spi.o
 .debug_frame   0x00000afc      0x104 ./Core/Src/stm32f3xx_it.o
 .debug_frame   0x00000c00       0x34 ./Core/Src/sysmem.o
 .debug_frame   0x00000c34       0x58 ./Core/Src/system_stm32f3xx.o
 .debug_frame   0x00000c8c      0x334 ./Drivers/STM32F3xx_HAL_Driver/Src/stm32f3xx_hal.o
 .debug_frame   0x00000fc0      0x1c0 ./Drivers/STM32F3xx_HAL_Driver/Src/stm32f3xx_ll_gpio.o
 .debug_frame   0x00001180      0x148 ./Drivers/STM32F3xx_HAL_Driver/Src/stm32f3xx_ll_spi.o
 .debug_frame   0x000012c8      0x3dc ./Drivers/STM32F3xx_HAL_Driver/Src/stm32f3xx_ll_utils.o
 .debug_frame   0x000016a4      0x144 D:/STM32CubeIDE_1.16.1/STM32CubeIDE/plugins/com.st.stm32cube.ide.mcu.externaltools.gnu-tools-for-stm32.12.3.rel1.win32_1.1.0.202410251130/tools/bin/../lib/gcc/arm-none-eabi/12.3.1/../../../../arm-none-eabi/lib/thumb/v7e-m+fp/hard\libc_nano.a(libc_a-findfp.o)
 .debug_frame   0x000017e8       0x6c D:/STM32CubeIDE_1.16.1/STM32CubeIDE/plugins/com.st.stm32cube.ide.mcu.externaltools.gnu-tools-for-stm32.12.3.rel1.win32_1.1.0.202410251130/tools/bin/../lib/gcc/arm-none-eabi/12.3.1/../../../../arm-none-eabi/lib/thumb/v7e-m+fp/hard\libc_nano.a(libc_a-sprintf.o)
 .debug_frame   0x00001854       0x20 D:/STM32CubeIDE_1.16.1/STM32CubeIDE/plugins/com.st.stm32cube.ide.mcu.externaltools.gnu-tools-for-stm32.12.3.rel1.win32_1.1.0.202410251130/tools/bin/../lib/gcc/arm-none-eabi/12.3.1/../../../../arm-none-eabi/lib/thumb/v7e-m+fp/hard\libc_nano.a(libc_a-memset.o)
 .debug_frame   0x00001874       0x38 D:/STM32CubeIDE_1.16.1/STM32CubeIDE/plugins/com.st.stm32cube.ide.mcu.externaltools.gnu-tools-for-stm32.12.3.rel1.win32_1.1.0.202410251130/tools/bin/../lib/gcc/arm-none-eabi/12.3.1/../../../../arm-none-eabi/lib/thumb/v7e-m+fp/hard\libc_nano.a(libc_a-reent.o)
 .debug_frame   0x000018ac       0x20 D:/STM32CubeIDE_1.16.1/STM32CubeIDE/plugins/com.st.stm32cube.ide.mcu.externaltools.gnu-tools-for-stm32.12.3.rel1.win32_1.1.0.202410251130/tools/bin/../lib/gcc/arm-none-eabi/12.3.1/../../../../arm-none-eabi/lib/thumb/v7e-m+fp/hard\libc_nano.a(libc_a-errno.o)
 .debug_frame   0x000018cc       0x2c D:/STM32CubeIDE_1.16.1/STM32CubeIDE/plugins/com.st.stm32cube.ide.mcu.externaltools.gnu-tools-for-stm32.12.3.rel1.win32_1.1.0.202410251130/tools/bin/../lib/gcc/arm-none-eabi/12.3.1/../../../../arm-none-eabi/lib/thumb/v7e-m+fp/hard\libc_nano.a(libc_a-init.o)
 .debug_frame   0x000018f8       0xb0 D:/STM32CubeIDE_1.16.1/STM32CubeIDE/plugins/com.st.stm32cube.ide.mcu.externaltools.gnu-tools-for-stm32.12.3.rel1.win32_1.1.0.202410251130/tools/bin/../lib/gcc/arm-none-eabi/12.3.1/../../../../arm-none-eabi/lib/thumb/v7e-m+fp/hard\libc_nano.a(libc_a-lock.o)
 .debug_frame   0x000019a8       0x38 D:/STM32CubeIDE_1.16.1/STM32CubeIDE/plugins/com.st.stm32cube.ide.mcu.externaltools.gnu-tools-for-stm32.12.3.rel1.win32_1.1.0.202410251130/tools/bin/../lib/gcc/arm-none-eabi/12.3.1/../../../../arm-none-eabi/lib/thumb/v7e-m+fp/hard\libc_nano.a(libc_a-freer.o)
 .debug_frame   0x000019e0       0x50 D:/STM32CubeIDE_1.16.1/STM32CubeIDE/plugins/com.st.stm32cube.ide.mcu.externaltools.gnu-tools-for-stm32.12.3.rel1.win32_1.1.0.202410251130/tools/bin/../lib/gcc/arm-none-eabi/12.3.1/../../../../arm-none-eabi/lib/thumb/v7e-m+fp/hard\libc_nano.a(libc_a-mallocr.o)
 .debug_frame   0x00001a30       0x30 D:/STM32CubeIDE_1.16.1/STM32CubeIDE/plugins/com.st.stm32cube.ide.mcu.externaltools.gnu-tools-for-stm32.12.3.rel1.win32_1.1.0.202410251130/tools/bin/../lib/gcc/arm-none-eabi/12.3.1/../../../../arm-none-eabi/lib/thumb/v7e-m+fp/hard\libc_nano.a(libc_a-mlock.o)
 .debug_frame   0x00001a60       0x90 D:/STM32CubeIDE_1.16.1/STM32CubeIDE/plugins/com.st.stm32cube.ide.mcu.externaltools.gnu-tools-for-stm32.12.3.rel1.win32_1.1.0.202410251130/tools/bin/../lib/gcc/arm-none-eabi/12.3.1/../../../../arm-none-eabi/lib/thumb/v7e-m+fp/hard\libc_nano.a(libc_a-nano-svfprintf.o)
 .debug_frame   0x00001af0       0x60 D:/STM32CubeIDE_1.16.1/STM32CubeIDE/plugins/com.st.stm32cube.ide.mcu.externaltools.gnu-tools-for-stm32.12.3.rel1.win32_1.1.0.202410251130/tools/bin/../lib/gcc/arm-none-eabi/12.3.1/../../../../arm-none-eabi/lib/thumb/v7e-m+fp/hard\libc_nano.a(libc_a-nano-vfprintf_i.o)
 .debug_frame   0x00001b50       0x28 D:/STM32CubeIDE_1.16.1/STM32CubeIDE/plugins/com.st.stm32cube.ide.mcu.externaltools.gnu-tools-for-stm32.12.3.rel1.win32_1.1.0.202410251130/tools/bin/../lib/gcc/arm-none-eabi/12.3.1/../../../../arm-none-eabi/lib/thumb/v7e-m+fp/hard\libc_nano.a(libc_a-memmove.o)
 .debug_frame   0x00001b78       0x2c D:/STM32CubeIDE_1.16.1/STM32CubeIDE/plugins/com.st.stm32cube.ide.mcu.externaltools.gnu-tools-for-stm32.12.3.rel1.win32_1.1.0.202410251130/tools/bin/../lib/gcc/arm-none-eabi/12.3.1/../../../../arm-none-eabi/lib/thumb/v7e-m+fp/hard\libc_nano.a(libc_a-sbrkr.o)
 .debug_frame   0x00001ba4       0x28 D:/STM32CubeIDE_1.16.1/STM32CubeIDE/plugins/com.st.stm32cube.ide.mcu.externaltools.gnu-tools-for-stm32.12.3.rel1.win32_1.1.0.202410251130/tools/bin/../lib/gcc/arm-none-eabi/12.3.1/../../../../arm-none-eabi/lib/thumb/v7e-m+fp/hard\libc_nano.a(libc_a-memcpy-stub.o)
 .debug_frame   0x00001bcc       0x3c D:/STM32CubeIDE_1.16.1/STM32CubeIDE/plugins/com.st.stm32cube.ide.mcu.externaltools.gnu-tools-for-stm32.12.3.rel1.win32_1.1.0.202410251130/tools/bin/../lib/gcc/arm-none-eabi/12.3.1/../../../../arm-none-eabi/lib/thumb/v7e-m+fp/hard\libc_nano.a(libc_a-reallocr.o)
 .debug_frame   0x00001c08       0x20 D:/STM32CubeIDE_1.16.1/STM32CubeIDE/plugins/com.st.stm32cube.ide.mcu.externaltools.gnu-tools-for-stm32.12.3.rel1.win32_1.1.0.202410251130/tools/bin/../lib/gcc/arm-none-eabi/12.3.1/../../../../arm-none-eabi/lib/thumb/v7e-m+fp/hard\libc_nano.a(libc_a-msizer.o)

.debug_line_str
                0x00000000       0x64
 .debug_line_str
                0x00000000       0x64 ./Core/Startup/startup_stm32f303k8tx.o
