../Core/Src/ili9163.c:46:6:lcdReset	8	static
../Core/Src/ili9163.c:56:6:lcdWriteCommand	16	static
../Core/Src/ili9163.c:64:6:lcdWriteParameter	16	static
../Core/Src/ili9163.c:72:6:lcdWriteData	16	static
../Core/Src/ili9163.c:81:6:lcdInitialise	16	static
../Core/Src/ili9163.c:180:6:lcdClearDisplay	24	static
../Core/Src/ili9163.c:208:6:lcdPlot	16	static
../Core/Src/ili9163.c:229:6:lcdLine	56	static
../Core/Src/ili9163.c:310:6:lcdDottedLine	48	static
../Core/Src/ili9163.c:448:6:lcdPolyline	48	static
../Core/Src/ili9163.c:458:6:lcdDottedPolyline	56	static
../Core/Src/ili9163.c:470:6:lcdRectangle	32	static
../Core/Src/ili9163.c:479:6:lcdDottedRectangle	32	static
../Core/Src/ili9163.c:488:6:lcdFilledRectangle	32	static
../Core/Src/ili9163.c:531:6:lcdFilledDottedRectangle	32	static
../Core/Src/ili9163.c:540:6:lcdPolygon	48	static
../Core/Src/ili9163.c:559:6:lcdDottedPolygon	56	static
../Core/Src/ili9163.c:578:6:lcdFilledTriangle	64	static
../Core/Src/ili9163.c:621:6:lcdFilledDottedTriangle	64	static
../Core/Src/ili9163.c:665:6:lcdFilledPolygon	40	static
../Core/Src/ili9163.c:681:6:lcdFilledDottedPolygon	48	static
../Core/Src/ili9163.c:697:6:lcdCircle	32	static
../Core/Src/ili9163.c:724:6:lcdDottedCircle	32	static
../Core/Src/ili9163.c:751:6:lcdFilledCircle	40	static
../Core/Src/ili9163.c:774:6:lcdFilledDottedCircle	40	static
../Core/Src/ili9163.c:800:6:lcdPutCh	32	static
../Core/Src/ili9163.c:838:6:lcdPutChSized	40	static
../Core/Src/ili9163.c:873:10:decodeRgbValue	16	static
../Core/Src/ili9163.c:881:9:lcdTextX	16	static
../Core/Src/ili9163.c:886:9:lcdTextY	16	static
../Core/Src/ili9163.c:889:6:lcdPutS	48	static
../Core/Src/ili9163.c:914:6:lcdPutSSized	48	static
../Core/Src/ili9163.c:944:9:threeDto2D	88	static
../Core/Src/ili9163.c:981:6:lcd3DPolygon	104	dynamic
../Core/Src/ili9163.c:1007:6:lcd3DPolyline	104	dynamic
../Core/Src/ili9163.c:1033:6:demoPlot	152	static
