../Core/Src/ili9163.c:46:6:lcdReset	8	static
../Core/Src/ili9163.c:56:6:lcdWriteCommand	16	static
../Core/Src/ili9163.c:64:6:lcdWriteParameter	16	static
../Core/Src/ili9163.c:81:6:lcdWriteData	16	static
../Core/Src/ili9163.c:90:6:lcdInitialise	16	static
../Core/Src/ili9163.c:188:6:lcdClearDisplay	24	static
../Core/Src/ili9163.c:215:6:lcdPlot	16	static
../Core/Src/ili9163.c:237:6:lcdLine	56	static
../Core/Src/ili9163.c:310:6:lcdDottedLine	48	static
../Core/Src/ili9163.c:375:6:lcdRectangle	32	static
../Core/Src/ili9163.c:384:6:lcdDottedRectangle	32	static
../Core/Src/ili9163.c:393:6:lcdFilledRectangle	32	static
../Core/Src/ili9163.c:428:6:lcdFilledDottedRectangle	32	static
../Core/Src/ili9163.c:437:6:lcdPolygon	48	static
../Core/Src/ili9163.c:448:6:lcdDottedPolygon	56	static
../Core/Src/ili9163.c:459:6:lcdFilledTriangle	64	static
../Core/Src/ili9163.c:502:6:lcdFilledDottedTriangle	64	static
../Core/Src/ili9163.c:546:6:lcdFilledPolygon	40	static
../Core/Src/ili9163.c:562:6:lcdFilledDottedPolygon	48	static
../Core/Src/ili9163.c:578:6:lcdCircle	32	static
../Core/Src/ili9163.c:605:6:lcdDottedCircle	32	static
../Core/Src/ili9163.c:632:6:lcdFilledCircle	40	static
../Core/Src/ili9163.c:655:6:lcdFilledDottedCircle	40	static
../Core/Src/ili9163.c:681:6:lcdPutCh	32	static
../Core/Src/ili9163.c:719:6:lcdPutChSized	40	static
../Core/Src/ili9163.c:754:10:decodeRgbValue	16	static
../Core/Src/ili9163.c:762:9:lcdTextX	16	static
../Core/Src/ili9163.c:767:9:lcdTextY	16	static
../Core/Src/ili9163.c:770:6:lcdPutS	40	static
../Core/Src/ili9163.c:795:6:lcdPutSSized	40	static
../Core/Src/ili9163.c:825:6:demoPlot	152	static
