../Core/Src/ili9163.c:40:6:lcdReset	8	static
../Core/Src/ili9163.c:50:6:lcdWriteCommand	16	static
../Core/Src/ili9163.c:58:6:lcdWriteParameter	16	static
../Core/Src/ili9163.c:66:6:lcdWriteData	16	static
../Core/Src/ili9163.c:75:6:lcdInitialise	16	static
../Core/Src/ili9163.c:177:6:lcdClearDisplay	24	static
../Core/Src/ili9163.c:204:6:lcdPlot	16	static
../Core/Src/ili9163.c:225:6:lcdLine	40	static
../Core/Src/ili9163.c:281:6:lcdDottedLine	48	static
../Core/Src/ili9163.c:346:6:lcdRectangle	32	static
../Core/Src/ili9163.c:355:6:lcdDottedRectangle	32	static
../Core/Src/ili9163.c:366:6:lcdFilledRectangle	32	static
../Core/Src/ili9163.c:392:6:lcdFilledDottedRectangle	32	static
../Core/Src/ili9163.c:402:6:lcdPolygon	48	static
../Core/Src/ili9163.c:413:6:lcdDottedPolygon	56	static
../Core/Src/ili9163.c:424:6:lcdCircle	32	static
../Core/Src/ili9163.c:451:6:lcdDottedCircle	32	static
../Core/Src/ili9163.c:481:6:lcdPutCh	32	static
../Core/Src/ili9163.c:517:10:decodeRgbValue	16	static
../Core/Src/ili9163.c:525:9:lcdTextX	16	static
../Core/Src/ili9163.c:530:9:lcdTextY	16	static
../Core/Src/ili9163.c:533:6:lcdPutS	40	static
