../Core/Src/ili9163.c:46:6:lcdReset	8	static
../Core/Src/ili9163.c:56:6:lcdWriteCommand	16	static
../Core/Src/ili9163.c:64:6:lcdWriteParameter	16	static
../Core/Src/ili9163.c:72:6:lcdWriteData	16	static
../Core/Src/ili9163.c:81:6:lcdInitialise	16	static
../Core/Src/ili9163.c:180:6:lcdClearDisplay	24	static
../Core/Src/ili9163.c:208:6:lcdPlot	16	static
../Core/Src/ili9163.c:229:6:lcdLine	56	static
../Core/Src/ili9163.c:308:6:lcdDottedLine	48	static
../Core/Src/ili9163.c:375:6:lcdPolyline	48	static
../Core/Src/ili9163.c:385:6:lcdDottedPolyline	56	static
../Core/Src/ili9163.c:397:6:lcdRectangle	32	static
../Core/Src/ili9163.c:406:6:lcdDottedRectangle	32	static
../Core/Src/ili9163.c:415:6:lcdFilledRectangle	32	static
../Core/Src/ili9163.c:458:6:lcdFilledDottedRectangle	32	static
../Core/Src/ili9163.c:467:6:lcdPolygon	48	static
../Core/Src/ili9163.c:486:6:lcdDottedPolygon	56	static
../Core/Src/ili9163.c:505:6:lcdFilledTriangle	64	static
../Core/Src/ili9163.c:548:6:lcdFilledDottedTriangle	64	static
../Core/Src/ili9163.c:592:6:lcdFilledPolygon	40	static
../Core/Src/ili9163.c:608:6:lcdFilledDottedPolygon	48	static
../Core/Src/ili9163.c:624:6:lcdCircle	32	static
../Core/Src/ili9163.c:651:6:lcdDottedCircle	32	static
../Core/Src/ili9163.c:678:6:lcdFilledCircle	40	static
../Core/Src/ili9163.c:701:6:lcdFilledDottedCircle	40	static
../Core/Src/ili9163.c:727:6:lcdPutCh	32	static
../Core/Src/ili9163.c:765:6:lcdPutChSized	40	static
../Core/Src/ili9163.c:800:10:decodeRgbValue	16	static
../Core/Src/ili9163.c:808:9:lcdTextX	16	static
../Core/Src/ili9163.c:813:9:lcdTextY	16	static
../Core/Src/ili9163.c:816:6:lcdPutS	48	static
../Core/Src/ili9163.c:841:6:lcdPutSSized	48	static
../Core/Src/ili9163.c:871:9:threeDto2D	88	static
../Core/Src/ili9163.c:908:6:lcd3DPolygon	104	dynamic
../Core/Src/ili9163.c:934:6:lcd3DPolyline	104	dynamic
../Core/Src/ili9163.c:960:6:demoPlot	152	static
