../Drivers/STM32F3xx_HAL_Driver/Inc/stm32f3xx_ll_spi.h:358:22:LL_SPI_Enable	16	static
../Drivers/STM32F3xx_HAL_Driver/Inc/stm32f3xx_ll_spi.h:426:22:LL_SPI_SetStandard	16	static
../Drivers/STM32F3xx_HAL_Driver/Inc/stm32f3xx_ll_spi.h:862:22:LL_SPI_EnableNSSPulseMgt	16	static
../Drivers/STM32F3xx_HAL_Driver/Inc/stm32f3xx_ll_spi.h:874:22:LL_SPI_DisableNSSPulseMgt	16	static
../Drivers/STM32F3xx_HAL_Driver/Inc/stm32f3xx_ll_spi.h:905:26:LL_SPI_IsActiveFlag_RXNE	16	static
../Drivers/STM32F3xx_HAL_Driver/Inc/stm32f3xx_ll_spi.h:916:26:LL_SPI_IsActiveFlag_TXE	16	static
../Drivers/STM32F3xx_HAL_Driver/Inc/stm32f3xx_ll_spi.h:1333:25:LL_SPI_ReceiveData8	16	static
../Drivers/STM32F3xx_HAL_Driver/Inc/stm32f3xx_ll_spi.h:1356:22:LL_SPI_TransmitData8	24	static
../Drivers/STM32F3xx_HAL_Driver/Inc/stm32f3xx_ll_gpio.h:878:22:LL_GPIO_SetOutputPin	16	static
../Drivers/STM32F3xx_HAL_Driver/Inc/stm32f3xx_ll_gpio.h:907:22:LL_GPIO_ResetOutputPin	16	static
../Drivers/STM32F3xx_HAL_Driver/Inc/stm32f3xx_ll_bus.h:285:22:LL_AHB1_GRP1_EnableClock	24	static
../Drivers/STM32F3xx_HAL_Driver/Inc/stm32f3xx_ll_bus.h:849:22:LL_APB2_GRP1_EnableClock	24	static
../Core/Src/spi.c:28:6:MX_SPI1_Init	72	static
../Core/Src/spi.c:77:15:readWriteSPI1	24	static
../Core/Src/spi.c:92:6:initCS_Pin	8	static
../Core/Src/spi.c:108:6:cs_set	8	static
../Core/Src/spi.c:113:6:cs_reset	8	static
../Core/Src/spi.c:118:6:initCD_Pin	4	static
../Core/Src/spi.c:133:6:cd_set	8	static
../Core/Src/spi.c:138:6:cd_reset	8	static
../Core/Src/spi.c:143:6:initRES_Pin	4	static
../Core/Src/spi.c:158:6:res_set	8	static
../Core/Src/spi.c:163:6:res_reset	8	static
